Archive member included because of file (symbol)

c:/winavr-20100110/bin/../lib/gcc/avr/4.3.3/avr5\libgcc.a(_mulsi3.o)
                              user.o (__mulsi3)
c:/winavr-20100110/bin/../lib/gcc/avr/4.3.3/avr5\libgcc.a(_divmodqi4.o)
                              display.o (__divmodqi4)
c:/winavr-20100110/bin/../lib/gcc/avr/4.3.3/avr5\libgcc.a(_udivmodhi4.o)
                              adjust.o (__udivmodhi4)
c:/winavr-20100110/bin/../lib/gcc/avr/4.3.3/avr5\libgcc.a(_divmodhi4.o)
                              main.o (__divmodhi4)
c:/winavr-20100110/bin/../lib/gcc/avr/4.3.3/avr5\libgcc.a(_udivmodsi4.o)
                              user.o (__udivmodsi4)
c:/winavr-20100110/bin/../lib/gcc/avr/4.3.3/avr5\libgcc.a(_divmodsi4.o)
                              adjust.o (__divmodsi4)
c:/winavr-20100110/bin/../lib/gcc/avr/4.3.3/avr5\libgcc.a(_prologue.o)
                              main.o (__prologue_saves__)
c:/winavr-20100110/bin/../lib/gcc/avr/4.3.3/avr5\libgcc.a(_epilogue.o)
                              main.o (__epilogue_restores__)
c:/winavr-20100110/bin/../lib/gcc/avr/4.3.3/avr5\libgcc.a(_exit.o)
                              c:/winavr-20100110/bin/../lib/gcc/avr/4.3.3/../../../../avr/lib/avr5/crtm328.o (exit)
c:/winavr-20100110/bin/../lib/gcc/avr/4.3.3/avr5\libgcc.a(_tablejump.o)
                              user.o (__tablejump2__)
c:/winavr-20100110/bin/../lib/gcc/avr/4.3.3/avr5\libgcc.a(_copy_data.o)
                              user.o (__do_copy_data)
c:/winavr-20100110/bin/../lib/gcc/avr/4.3.3/avr5\libgcc.a(_clear_bss.o)
                              main.o (__do_clear_bss)
c:/winavr-20100110/bin/../lib/gcc/avr/4.3.3/avr5\libgcc.a(_udivmodqi4.o)
                              c:/winavr-20100110/bin/../lib/gcc/avr/4.3.3/avr5\libgcc.a(_divmodqi4.o) (__udivmodqi4)
c:/winavr-20100110/bin/../lib/gcc/avr/4.3.3/../../../../avr/lib/avr5\libc.a(ultoa.o)
                              display.o (ultoa)
c:/winavr-20100110/bin/../lib/gcc/avr/4.3.3/../../../../avr/lib/avr5\libc.a(utoa.o)
                              display.o (utoa)
c:/winavr-20100110/bin/../lib/gcc/avr/4.3.3/../../../../avr/lib/avr5\libc.a(eerd_byte_atmega328.o)
                              adjust.o (__eerd_byte_m328)
c:/winavr-20100110/bin/../lib/gcc/avr/4.3.3/../../../../avr/lib/avr5\libc.a(eerd_word_atmega328.o)
                              user.o (__eerd_word_m328)
c:/winavr-20100110/bin/../lib/gcc/avr/4.3.3/../../../../avr/lib/avr5\libc.a(eewr_byte_atmega328.o)
                              adjust.o (__eewr_byte_m328)
c:/winavr-20100110/bin/../lib/gcc/avr/4.3.3/../../../../avr/lib/avr5\libc.a(strrev.o)
                              c:/winavr-20100110/bin/../lib/gcc/avr/4.3.3/../../../../avr/lib/avr5\libc.a(ultoa.o) (strrev)
c:/winavr-20100110/bin/../lib/gcc/avr/4.3.3/../../../../avr/lib/avr5\libc.a(eerd_block_atmega328.o)
                              c:/winavr-20100110/bin/../lib/gcc/avr/4.3.3/../../../../avr/lib/avr5\libc.a(eerd_word_atmega328.o) (__eerd_blraw_m328)

Allocating common symbols
Common symbol       size              file

Check               0xb               main.o
MultiByte           0x1               SSD1306.o
Resistors           0x15              main.o
UI                  0xe               main.o
RX_Buffer           0xb               main.o
I2C                 0x2               main.o
AltSemi             0x7               main.o
OutBuffer           0xc               main.o
Caps                0x2a              main.o
Info                0x9               main.o
Diodes              0x24              main.o
Cfg                 0x9               main.o
MissedParts         0x1               main.o
Semi                0x1b              main.o
Pulses              0x2               tools_counter.o
Y_Start             0x1               SSD1306.o
X_Start             0x1               SSD1306.o
Probes              0x12              main.o
NV                  0xb               main.o
FirstFlag           0x1               commands.o
Inductor            0x5               main.o

Memory Configuration

Name             Origin             Length             Attributes
text             0x00000000         0x00020000         xr
data             0x00800060         0x0000ffa0         rw !x
eeprom           0x00810000         0x00010000         rw !x
fuse             0x00820000         0x00000400         rw !x
lock             0x00830000         0x00000400         rw !x
signature        0x00840000         0x00000400         rw !x
*default*        0x00000000         0xffffffff

Linker script and memory map

Address of section .data set to 0x800100
LOAD c:/winavr-20100110/bin/../lib/gcc/avr/4.3.3/../../../../avr/lib/avr5/crtm328.o
LOAD main.o
LOAD user.o
LOAD pause.o
LOAD adjust.o
LOAD ADC.o
LOAD probes.o
LOAD display.o
LOAD resistor.o
LOAD cap.o
LOAD semi.o
LOAD inductor.o
LOAD tools_misc.o
LOAD tools_signal.o
LOAD tools_counter.o
LOAD tools_LC_Meter.o
LOAD SPI.o
LOAD I2C.o
LOAD serial.o
LOAD commands.o
LOAD OneWire.o
LOAD IR_RX.o
LOAD IR_TX.o
LOAD DHTxx.o
LOAD ADS7843.o
LOAD MAX6675.o
LOAD MAX31855.o
LOAD HD44780.o
LOAD ILI9163.o
LOAD ILI9341.o
LOAD ILI9481.o
LOAD ILI9486.o
LOAD ILI9488.o
LOAD PCD8544.o
LOAD PCF8814.o
LOAD SH1106.o
LOAD SSD1306.o
LOAD ST7036.o
LOAD ST7565R.o
LOAD ST7735.o
LOAD Semi_ST7735.o
LOAD ST7920.o
LOAD STE2007.o
LOAD VT100.o
LOAD RD_Display.o
LOAD wait.o
LOAD c:/winavr-20100110/bin/../lib/gcc/avr/4.3.3/avr5\libgcc.a
LOAD c:/winavr-20100110/bin/../lib/gcc/avr/4.3.3/../../../../avr/lib/avr5\libc.a
LOAD c:/winavr-20100110/bin/../lib/gcc/avr/4.3.3/avr5\libgcc.a

.hash
 *(.hash)

.dynsym
 *(.dynsym)

.dynstr
 *(.dynstr)

.gnu.version
 *(.gnu.version)

.gnu.version_d
 *(.gnu.version_d)

.gnu.version_r
 *(.gnu.version_r)

.rel.init
 *(.rel.init)

.rela.init
 *(.rela.init)

.rel.text
 *(.rel.text)
 *(.rel.text.*)
 *(.rel.gnu.linkonce.t*)

.rela.text
 *(.rela.text)
 *(.rela.text.*)
 *(.rela.gnu.linkonce.t*)

.rel.fini
 *(.rel.fini)

.rela.fini
 *(.rela.fini)

.rel.rodata
 *(.rel.rodata)
 *(.rel.rodata.*)
 *(.rel.gnu.linkonce.r*)

.rela.rodata
 *(.rela.rodata)
 *(.rela.rodata.*)
 *(.rela.gnu.linkonce.r*)

.rel.data
 *(.rel.data)
 *(.rel.data.*)
 *(.rel.gnu.linkonce.d*)

.rela.data
 *(.rela.data)
 *(.rela.data.*)
 *(.rela.gnu.linkonce.d*)

.rel.ctors
 *(.rel.ctors)

.rela.ctors
 *(.rela.ctors)

.rel.dtors
 *(.rel.dtors)

.rela.dtors
 *(.rela.dtors)

.rel.got
 *(.rel.got)

.rela.got
 *(.rela.got)

.rel.bss
 *(.rel.bss)

.rela.bss
 *(.rela.bss)

.rel.plt
 *(.rel.plt)

.rela.plt
 *(.rela.plt)

.text           0x00000000     0x7912
 *(.vectors)
 .vectors       0x00000000       0x68 c:/winavr-20100110/bin/../lib/gcc/avr/4.3.3/../../../../avr/lib/avr5/crtm328.o
                0x00000000                __vectors
                0x00000000                __vector_default
 *(.vectors)
 *(.progmem.gcc*)
 .progmem.gcc_sw_table
                0x00000068       0x50 user.o
 .progmem.gcc_sw_table
                0x000000b8       0x5e commands.o
 *(.progmem*)
 .progmem.data  0x00000116      0x892 SSD1306.o
                0x0000097e                PinTable
                0x0000048e                FontTable
                0x00000116                FontData
                0x0000058e                SymbolData
                0x000009a8                . = ALIGN (0x2)
                0x000009a8                __trampolines_start = .
 *(.trampolines)
 .trampolines   0x000009a8        0x0 linker stubs
 *(.trampolines*)
                0x000009a8                __trampolines_end = .
 *(.jumptables)
 *(.jumptables*)
 *(.lowtext)
 *(.lowtext*)
                0x000009a8                __ctors_start = .
 *(.ctors)
                0x000009a8                __ctors_end = .
                0x000009a8                __dtors_start = .
 *(.dtors)
                0x000009a8                __dtors_end = .
 SORT(*)(.ctors)
 SORT(*)(.dtors)
 *(.init0)
 .init0         0x000009a8        0x0 c:/winavr-20100110/bin/../lib/gcc/avr/4.3.3/../../../../avr/lib/avr5/crtm328.o
                0x000009a8                __init
 *(.init0)
 *(.init1)
 *(.init1)
 *(.init2)
 .init2         0x000009a8        0xc c:/winavr-20100110/bin/../lib/gcc/avr/4.3.3/../../../../avr/lib/avr5/crtm328.o
 *(.init2)
 *(.init3)
 *(.init3)
 *(.init4)
 .init4         0x000009b4       0x16 c:/winavr-20100110/bin/../lib/gcc/avr/4.3.3/avr5\libgcc.a(_copy_data.o)
                0x000009b4                __do_copy_data
 .init4         0x000009ca       0x10 c:/winavr-20100110/bin/../lib/gcc/avr/4.3.3/avr5\libgcc.a(_clear_bss.o)
                0x000009ca                __do_clear_bss
 *(.init4)
 *(.init5)
 *(.init5)
 *(.init6)
 *(.init6)
 *(.init7)
 *(.init7)
 *(.init8)
 *(.init8)
 *(.init9)
 .init9         0x000009da        0x8 c:/winavr-20100110/bin/../lib/gcc/avr/4.3.3/../../../../avr/lib/avr5/crtm328.o
 *(.init9)
 *(.text)
 .text          0x000009e2        0x4 c:/winavr-20100110/bin/../lib/gcc/avr/4.3.3/../../../../avr/lib/avr5/crtm328.o
                0x000009e2                __vector_22
                0x000009e2                __vector_1
                0x000009e2                __vector_24
                0x000009e2                __vector_12
                0x000009e2                __bad_interrupt
                0x000009e2                __vector_6
                0x000009e2                __vector_3
                0x000009e2                __vector_23
                0x000009e2                __vector_25
                0x000009e2                __vector_13
                0x000009e2                __vector_17
                0x000009e2                __vector_19
                0x000009e2                __vector_5
                0x000009e2                __vector_4
                0x000009e2                __vector_9
                0x000009e2                __vector_2
                0x000009e2                __vector_21
                0x000009e2                __vector_15
                0x000009e2                __vector_8
                0x000009e2                __vector_14
                0x000009e2                __vector_10
                0x000009e2                __vector_18
                0x000009e2                __vector_20
 .text          0x000009e6     0x1034 main.o
                0x000013f4                Show_Resistor
                0x00000e1e                Show_BJT
                0x00000aea                Show_SingleResistor
                0x00000b22                Show_SemiFlybackDiode
                0x00000a6a                Show_FET_Mode
                0x000019a4                Show_SimplePinout
                0x00000c84                Show_PUT
                0x00001300                Show_Capacitor
                0x000009e6                Get_SemiPinDesignator
                0x00000a48                Show_Fail
                0x00000cce                Show_ThyristorTriac
                0x00001590                Show_Error
                0x000015d4                main
                0x00000d16                Show_IGBT
                0x00000a86                Show_FET_Channel
                0x00000aa6                CheckVoltageRefs
                0x00000d34                Show_SemiCurrent
                0x00000b3a                Show_FET_Extras
                0x00000a0a                PowerOff
                0x00000ff4                Show_Diode
                0x00000d94                Show_FET
                0x00000c58                Show_SemiPinout
 .text          0x00001a1a      0x754 user.o
                0x0000208e                WaitKey
                0x00001d76                MenuTool
                0x0000209a                MainMenu
                0x00001b10                RescaleValue
                0x00001fae                AdjustmentMenu
                0x00001bf6                TestKey
                0x00001b5a                MarkItem
                0x00001ece                PresentMainMenu
                0x00002020                ShortCircuit
                0x00001b6c                ReadIncDecKeys
                0x00001a46                CmpValue
                0x00001a1a                NumberOfDigits
 .text          0x0000216e       0x98 pause.o
                0x000021ee                __vector_7
                0x0000216e                MilliSleep
 .text          0x00002206      0x868 adjust.o
                0x0000259a                SelfAdjustment
                0x0000225c                SelfTest
                0x000024c6                ShowAdjustmentValues
                0x00002240                CheckSum
                0x00002206                SetAdjustmentDefaults
                0x000029da                ManageAdjustmentStorage
 .text          0x00002a6e       0xf4 ADC.o
                0x00002b50                ReadU_5ms
                0x00002a6e                ReadU
                0x00002b3e                ReadU_20ms
 .text          0x00002b62      0x6b2 probes.o
                0x00002ce4                UpdateProbes
                0x00002fd6                ShortedProbes
                0x00003012                DischargeProbes
                0x00002bc8                GetFactor
                0x00002b62                BackupProbes
                0x00002ca6                PullProbe
                0x00003000                RestoreProbes
                0x0000317e                DischargeCap
                0x00002dd6                CheckProbes
                0x00002b7c                GetThirdProbe
                0x00002b86                CheckAlternatives
                0x00002f68                ShortedPair
 .text          0x00003214      0x592 display.o
                0x000034f8                Display_ProbeNumber
                0x00003682                Display_NextLine
                0x00003500                Display_FancyProbeNumber
                0x00003240                Display_CenterLine
                0x000032be                Display_Value
                0x00003790                Display_NL_EEString
                0x00003630                Display_EEString_Center
                0x0000325a                Display_Serial_Off
                0x000035b0                Display_EEString_Space
                0x0000328a                LCD_ClearLine2
                0x00003498                Display_Minus
                0x0000377a                Display_NL_EEString_Center
                0x00003760                Display_NL_EEString_Space
                0x000034a0                Display_SignedValue
                0x000036e0                Display_FancySemiPinout
                0x000034e6                Display_Space
                0x00003214                Display_Serial_Only
                0x000033f8                Display_FullValue
                0x000034ee                Display_SemiPinDesignator
                0x00003490                Display_Colon
                0x0000327a                LCD_ClearLine3
                0x0000322a                Display_LCD_Only
                0x000035ba                ChangeContrast
                0x00003756                Display_EEString_NL
                0x00003592                Display_EEString
                0x0000329a                Display_Char
                0x0000326a                Display_Serial_On
 .text          0x000037a6      0x68a resistor.o
                0x0000393a                CheckResistor
                0x00003dd6                CheckSingleResistor
                0x000037a6                SmallResistor
 .text          0x00003e30      0x97a cap.o
                0x00003e30                SetUpDelayTimer
                0x00003e5a                SmallCap
                0x00004150                LargeCap
                0x000043f0                MeasureCap
                0x00003e48                DelayTimer
                0x00004506                MeasureESR
 .text          0x000047aa      0xf46 semi.o
                0x000047aa                SemiPinDesignators
                0x00004ca6                CheckDepletionModeFET
                0x00004a88                GetLeakageCurrent
                0x00004912                Get_hFE_C
                0x000054e4                CheckDiode
                0x0000483a                VerifyMOSFET
                0x00004812                SearchDiode
                0x0000501e                GetGateThreshold
                0x00004b62                CheckThyristorTriac
                0x00005134                CheckTransistor
                0x00004870                CheckPUT
 .text          0x000056f0      0x492 inductor.o
                0x000056f0                MeasureInductance
                0x00005906                MeasureInductor
 .text          0x00005b82      0x50e tools_misc.o
                0x00005b8e                Check_LED
                0x00005b82                Flashlight
                0x00005bcc                OptoCoupler_Tool
                0x00005f6a                PhotodiodeCheck
                0x00005f2c                ProbePinout
 .text          0x00006090      0x3f0 tools_signal.o
                0x00006090                SquareWave_SignalGenerator
                0x000062ac                PWM_Tool
 .text          0x00006480      0x224 tools_counter.o
                0x000064b0                __vector_11
                0x00006480                __vector_16
                0x000064d8                FrequencyCounter
 .text          0x000066a4        0x0 tools_LC_Meter.o
 .text          0x000066a4        0x0 SPI.o
 .text          0x000066a4       0xca I2C.o
                0x000066a4                I2C_Setup
                0x000066fa                I2C_WriteByte
                0x000066de                I2C_Start
                0x000066c0                I2C_Stop
 .text          0x0000676e      0x192 serial.o
                0x0000682a                Serial_Char
                0x000067ba                USART0_RX_vect
                0x000068e2                Serial_NewLine
                0x00006788                Serial_WriteByte
                0x0000676e                Serial_Setup
                0x00006798                Serial_Ctrl
 .text          0x00006900      0xa40 commands.o
                0x00006ad8                Cmd_I_R
                0x0000715c                SemiPinout
                0x00006988                Cmd_V_GT
                0x000070e6                Cmd_TYPE
                0x00006e2c                Cmd_V_GS_off
                0x00006928                Cmd_V_F_clamp
                0x00006e68                Cmd_V_TH
                0x00006df2                GetCommand
                0x00006a30                Cmd_V_BE
                0x00006964                Cmd_V_T
                0x00006b8e                Cmd_V_F2
                0x000070c6                FET_Channel
                0x00006a88                Cmd_R_BE
                0x00006900                SelectedComp
                0x00006bd4                Cmd_V_F
                0x00006d08                Cmd_C
                0x00006cd2                Cmd_L
                0x00006d38                Cmd_R
                0x00006b2c                Cmd_C_D
                0x00006faa                Cmd_HINT
                0x00006d7e                FindCommand
                0x00007204                RunCommand
                0x00006e9e                SimplePinout
                0x00006f4e                Cmd_MHINT
                0x00006eda                Cmd_MSG
                0x00006ca2                Cmd_ESR
                0x00006c68                Cmd_I_L
                0x000069e8                Cmd_C_GS
                0x000070aa                FET_Mode
                0x00006a60                Cmd_H_FE
                0x000069b8                Cmd_R_DS
                0x0000717c                Cmd_PIN
                0x00006f3a                SpaceLogic
 .text          0x00007340        0x0 OneWire.o
 .text          0x00007340        0x0 IR_RX.o
 .text          0x00007340        0x0 IR_TX.o
 .text          0x00007340        0x0 DHTxx.o
 .text          0x00007340        0x0 ADS7843.o
 .text          0x00007340        0x0 MAX6675.o
 .text          0x00007340        0x0 MAX31855.o
 .text          0x00007340        0x0 HD44780.o
 .text          0x00007340        0x0 ILI9163.o
 .text          0x00007340        0x0 ILI9341.o
 .text          0x00007340        0x0 ILI9481.o
 .text          0x00007340        0x0 ILI9486.o
 .text          0x00007340        0x0 ILI9488.o
 .text          0x00007340        0x0 PCD8544.o
 .text          0x00007340        0x0 PCF8814.o
 .text          0x00007340        0x0 SH1106.o
 .text          0x00007340      0x2e2 SSD1306.o
                0x0000743c                LCD_CharPos
                0x000075c0                LCD_Clear
                0x00007462                LCD_Symbol
                0x000073c4                LCD_Cmd
                0x00007548                LCD_Cursor
                0x000074ca                LCD_Char
                0x0000734c                LCD_EndTransfer
                0x000075dc                LCD_Init
                0x000073f0                LCD_Contrast
                0x00007566                LCD_ClearLine
                0x00007408                LCD_DotPos
                0x00007398                LCD_Data
                0x00007356                LCD_StartTransfer
                0x00007340                LCD_BusSetup
 .text          0x00007622        0x0 ST7036.o
 .text          0x00007622        0x0 ST7565R.o
 .text          0x00007622        0x0 ST7735.o
 .text          0x00007622        0x0 Semi_ST7735.o
 .text          0x00007622        0x0 ST7920.o
 .text          0x00007622        0x0 STE2007.o
 .text          0x00007622        0x0 VT100.o
 .text          0x00007622        0x0 RD_Display.o
 .text          0x00007622       0x4c wait.o
                0x00007638                wait50ms
                0x00007630                wait300ms
                0x00007642                wait5ms
                0x0000762e                wait400ms
                0x0000762a                wait1000ms
                0x0000764c                wait500us
                0x0000763a                wait40ms
                0x0000765c                wait20us
                0x00007650                wait300us
                0x00007654                wait100us
                0x00007632                wait200ms
                0x00007626                wait3s
                0x0000764a                wait1ms
                0x0000765a                wait30us
                0x00007652                wait200us
                0x00007662                wait4us
                0x0000763e                wait20ms
                0x00007634                wait100ms
                0x00007660                wait5us
                0x00007664                wait3us
                0x00007646                wait3ms
                0x00007644                wait4ms
                0x00007666                wait2us
                0x00007628                wait2s
                0x0000763c                wait30ms
                0x00007622                wait5s
                0x00007648                wait2ms
                0x00007656                wait50us
                0x00007668                wait1us
                0x00007640                wait10ms
                0x0000764e                wait400us
                0x00007658                wait40us
                0x0000762a                wait1s
                0x00007624                wait4s
                0x0000765e                wait10us
                0x0000762c                wait500ms
 .text          0x0000766e        0x0 c:/winavr-20100110/bin/../lib/gcc/avr/4.3.3/avr5\libgcc.a(_mulsi3.o)
 .text          0x0000766e        0x0 c:/winavr-20100110/bin/../lib/gcc/avr/4.3.3/avr5\libgcc.a(_divmodqi4.o)
 .text          0x0000766e        0x0 c:/winavr-20100110/bin/../lib/gcc/avr/4.3.3/avr5\libgcc.a(_udivmodhi4.o)
 .text          0x0000766e        0x0 c:/winavr-20100110/bin/../lib/gcc/avr/4.3.3/avr5\libgcc.a(_divmodhi4.o)
 .text          0x0000766e        0x0 c:/winavr-20100110/bin/../lib/gcc/avr/4.3.3/avr5\libgcc.a(_udivmodsi4.o)
 .text          0x0000766e        0x0 c:/winavr-20100110/bin/../lib/gcc/avr/4.3.3/avr5\libgcc.a(_divmodsi4.o)
 .text          0x0000766e        0x0 c:/winavr-20100110/bin/../lib/gcc/avr/4.3.3/avr5\libgcc.a(_prologue.o)
 .text          0x0000766e        0x0 c:/winavr-20100110/bin/../lib/gcc/avr/4.3.3/avr5\libgcc.a(_epilogue.o)
 .text          0x0000766e        0x0 c:/winavr-20100110/bin/../lib/gcc/avr/4.3.3/avr5\libgcc.a(_exit.o)
 .text          0x0000766e        0x0 c:/winavr-20100110/bin/../lib/gcc/avr/4.3.3/avr5\libgcc.a(_tablejump.o)
 .text          0x0000766e        0x0 c:/winavr-20100110/bin/../lib/gcc/avr/4.3.3/avr5\libgcc.a(_copy_data.o)
 .text          0x0000766e        0x0 c:/winavr-20100110/bin/../lib/gcc/avr/4.3.3/avr5\libgcc.a(_clear_bss.o)
 .text          0x0000766e        0x0 c:/winavr-20100110/bin/../lib/gcc/avr/4.3.3/avr5\libgcc.a(_udivmodqi4.o)
 .text          0x0000766e        0x0 c:/winavr-20100110/bin/../lib/gcc/avr/4.3.3/../../../../avr/lib/avr5\libc.a(ultoa.o)
 .text          0x0000766e        0x0 c:/winavr-20100110/bin/../lib/gcc/avr/4.3.3/../../../../avr/lib/avr5\libc.a(utoa.o)
 .text          0x0000766e        0x0 c:/winavr-20100110/bin/../lib/gcc/avr/4.3.3/../../../../avr/lib/avr5\libc.a(eerd_byte_atmega328.o)
 .text          0x0000766e        0x0 c:/winavr-20100110/bin/../lib/gcc/avr/4.3.3/../../../../avr/lib/avr5\libc.a(eerd_word_atmega328.o)
 .text          0x0000766e        0x0 c:/winavr-20100110/bin/../lib/gcc/avr/4.3.3/../../../../avr/lib/avr5\libc.a(eewr_byte_atmega328.o)
 .text          0x0000766e        0x0 c:/winavr-20100110/bin/../lib/gcc/avr/4.3.3/../../../../avr/lib/avr5\libc.a(strrev.o)
 .text          0x0000766e        0x0 c:/winavr-20100110/bin/../lib/gcc/avr/4.3.3/../../../../avr/lib/avr5\libc.a(eerd_block_atmega328.o)
                0x0000766e                . = ALIGN (0x2)
 *(.text.*)
 .text.libgcc   0x0000766e       0x3e c:/winavr-20100110/bin/../lib/gcc/avr/4.3.3/avr5\libgcc.a(_mulsi3.o)
                0x0000766e                __mulsi3
 .text.libgcc   0x000076ac       0x1a c:/winavr-20100110/bin/../lib/gcc/avr/4.3.3/avr5\libgcc.a(_divmodqi4.o)
                0x000076ac                __divmodqi4
 .text.libgcc   0x000076c6       0x28 c:/winavr-20100110/bin/../lib/gcc/avr/4.3.3/avr5\libgcc.a(_udivmodhi4.o)
                0x000076c6                __udivmodhi4
 .text.libgcc   0x000076ee       0x26 c:/winavr-20100110/bin/../lib/gcc/avr/4.3.3/avr5\libgcc.a(_divmodhi4.o)
                0x000076ee                __divmodhi4
                0x000076ee                _div
 .text.libgcc   0x00007714       0x44 c:/winavr-20100110/bin/../lib/gcc/avr/4.3.3/avr5\libgcc.a(_udivmodsi4.o)
                0x00007714                __udivmodsi4
 .text.libgcc   0x00007758       0x36 c:/winavr-20100110/bin/../lib/gcc/avr/4.3.3/avr5\libgcc.a(_divmodsi4.o)
                0x00007758                __divmodsi4
 .text.libgcc   0x0000778e       0x38 c:/winavr-20100110/bin/../lib/gcc/avr/4.3.3/avr5\libgcc.a(_prologue.o)
                0x0000778e                __prologue_saves__
 .text.libgcc   0x000077c6       0x36 c:/winavr-20100110/bin/../lib/gcc/avr/4.3.3/avr5\libgcc.a(_epilogue.o)
                0x000077c6                __epilogue_restores__
 .text.libgcc   0x000077fc        0x0 c:/winavr-20100110/bin/../lib/gcc/avr/4.3.3/avr5\libgcc.a(_exit.o)
 .text.libgcc   0x000077fc        0xc c:/winavr-20100110/bin/../lib/gcc/avr/4.3.3/avr5\libgcc.a(_tablejump.o)
                0x00007800                __tablejump__
                0x000077fc                __tablejump2__
 .text.libgcc   0x00007808        0x0 c:/winavr-20100110/bin/../lib/gcc/avr/4.3.3/avr5\libgcc.a(_copy_data.o)
 .text.libgcc   0x00007808        0x0 c:/winavr-20100110/bin/../lib/gcc/avr/4.3.3/avr5\libgcc.a(_clear_bss.o)
 .text.libgcc   0x00007808       0x18 c:/winavr-20100110/bin/../lib/gcc/avr/4.3.3/avr5\libgcc.a(_udivmodqi4.o)
                0x00007808                __udivmodqi4
 .text.avr-libc
                0x00007820       0x4a c:/winavr-20100110/bin/../lib/gcc/avr/4.3.3/../../../../avr/lib/avr5\libc.a(ultoa.o)
                0x00007820                ultoa
 .text.avr-libc
                0x0000786a       0x2c c:/winavr-20100110/bin/../lib/gcc/avr/4.3.3/../../../../avr/lib/avr5\libc.a(utoa.o)
                0x0000786a                utoa
 .text.avr-libc
                0x00007896       0x10 c:/winavr-20100110/bin/../lib/gcc/avr/4.3.3/../../../../avr/lib/avr5\libc.a(eerd_byte_atmega328.o)
                0x00007896                __eerd_byte_m328
 .text.avr-libc
                0x000078a6        0xc c:/winavr-20100110/bin/../lib/gcc/avr/4.3.3/../../../../avr/lib/avr5\libc.a(eerd_word_atmega328.o)
                0x000078a6                __eerd_word_m328
 .text.avr-libc
                0x000078b2       0x1c c:/winavr-20100110/bin/../lib/gcc/avr/4.3.3/../../../../avr/lib/avr5\libc.a(eewr_byte_atmega328.o)
                0x000078b4                __eewr_r18_m328
                0x000078b2                __eewr_byte_m328
 .text.avr-libc
                0x000078ce       0x20 c:/winavr-20100110/bin/../lib/gcc/avr/4.3.3/../../../../avr/lib/avr5\libc.a(strrev.o)
                0x000078ce                strrev
 .text.avr-libc
                0x000078ee       0x20 c:/winavr-20100110/bin/../lib/gcc/avr/4.3.3/../../../../avr/lib/avr5\libc.a(eerd_block_atmega328.o)
                0x000078ee                __eerd_block_m328
                0x000078f2                __eerd_blraw_m328
                0x0000790e                . = ALIGN (0x2)
 *(.fini9)
 .fini9         0x0000790e        0x0 c:/winavr-20100110/bin/../lib/gcc/avr/4.3.3/avr5\libgcc.a(_exit.o)
                0x0000790e                exit
                0x0000790e                _exit
 *(.fini9)
 *(.fini8)
 *(.fini8)
 *(.fini7)
 *(.fini7)
 *(.fini6)
 *(.fini6)
 *(.fini5)
 *(.fini5)
 *(.fini4)
 *(.fini4)
 *(.fini3)
 *(.fini3)
 *(.fini2)
 *(.fini2)
 *(.fini1)
 *(.fini1)
 *(.fini0)
 .fini0         0x0000790e        0x4 c:/winavr-20100110/bin/../lib/gcc/avr/4.3.3/avr5\libgcc.a(_exit.o)
 *(.fini0)
                0x00007912                _etext = .

.data           0x00800100        0x0 load address 0x00007912
                0x00800100                PROVIDE (__data_start, .)
 *(.data)
 .data          0x00800100        0x0 c:/winavr-20100110/bin/../lib/gcc/avr/4.3.3/../../../../avr/lib/avr5/crtm328.o
 .data          0x00800100        0x0 main.o
 .data          0x00800100        0x0 user.o
 .data          0x00800100        0x0 pause.o
 .data          0x00800100        0x0 adjust.o
 .data          0x00800100        0x0 ADC.o
 .data          0x00800100        0x0 probes.o
 .data          0x00800100        0x0 display.o
 .data          0x00800100        0x0 resistor.o
 .data          0x00800100        0x0 cap.o
 .data          0x00800100        0x0 semi.o
 .data          0x00800100        0x0 inductor.o
 .data          0x00800100        0x0 tools_misc.o
 .data          0x00800100        0x0 tools_signal.o
 .data          0x00800100        0x0 tools_counter.o
 .data          0x00800100        0x0 tools_LC_Meter.o
 .data          0x00800100        0x0 SPI.o
 .data          0x00800100        0x0 I2C.o
 .data          0x00800100        0x0 serial.o
 .data          0x00800100        0x0 commands.o
 .data          0x00800100        0x0 OneWire.o
 .data          0x00800100        0x0 IR_RX.o
 .data          0x00800100        0x0 IR_TX.o
 .data          0x00800100        0x0 DHTxx.o
 .data          0x00800100        0x0 ADS7843.o
 .data          0x00800100        0x0 MAX6675.o
 .data          0x00800100        0x0 MAX31855.o
 .data          0x00800100        0x0 HD44780.o
 .data          0x00800100        0x0 ILI9163.o
 .data          0x00800100        0x0 ILI9341.o
 .data          0x00800100        0x0 ILI9481.o
 .data          0x00800100        0x0 ILI9486.o
 .data          0x00800100        0x0 ILI9488.o
 .data          0x00800100        0x0 PCD8544.o
 .data          0x00800100        0x0 PCF8814.o
 .data          0x00800100        0x0 SH1106.o
 .data          0x00800100        0x0 SSD1306.o
 .data          0x00800100        0x0 ST7036.o
 .data          0x00800100        0x0 ST7565R.o
 .data          0x00800100        0x0 ST7735.o
 .data          0x00800100        0x0 Semi_ST7735.o
 .data          0x00800100        0x0 ST7920.o
 .data          0x00800100        0x0 STE2007.o
 .data          0x00800100        0x0 VT100.o
 .data          0x00800100        0x0 RD_Display.o
 .data          0x00800100        0x0 wait.o
 .data          0x00800100        0x0 c:/winavr-20100110/bin/../lib/gcc/avr/4.3.3/avr5\libgcc.a(_mulsi3.o)
 .data          0x00800100        0x0 c:/winavr-20100110/bin/../lib/gcc/avr/4.3.3/avr5\libgcc.a(_divmodqi4.o)
 .data          0x00800100        0x0 c:/winavr-20100110/bin/../lib/gcc/avr/4.3.3/avr5\libgcc.a(_udivmodhi4.o)
 .data          0x00800100        0x0 c:/winavr-20100110/bin/../lib/gcc/avr/4.3.3/avr5\libgcc.a(_divmodhi4.o)
 .data          0x00800100        0x0 c:/winavr-20100110/bin/../lib/gcc/avr/4.3.3/avr5\libgcc.a(_udivmodsi4.o)
 .data          0x00800100        0x0 c:/winavr-20100110/bin/../lib/gcc/avr/4.3.3/avr5\libgcc.a(_divmodsi4.o)
 .data          0x00800100        0x0 c:/winavr-20100110/bin/../lib/gcc/avr/4.3.3/avr5\libgcc.a(_prologue.o)
 .data          0x00800100        0x0 c:/winavr-20100110/bin/../lib/gcc/avr/4.3.3/avr5\libgcc.a(_epilogue.o)
 .data          0x00800100        0x0 c:/winavr-20100110/bin/../lib/gcc/avr/4.3.3/avr5\libgcc.a(_exit.o)
 .data          0x00800100        0x0 c:/winavr-20100110/bin/../lib/gcc/avr/4.3.3/avr5\libgcc.a(_tablejump.o)
 .data          0x00800100        0x0 c:/winavr-20100110/bin/../lib/gcc/avr/4.3.3/avr5\libgcc.a(_copy_data.o)
 .data          0x00800100        0x0 c:/winavr-20100110/bin/../lib/gcc/avr/4.3.3/avr5\libgcc.a(_clear_bss.o)
 .data          0x00800100        0x0 c:/winavr-20100110/bin/../lib/gcc/avr/4.3.3/avr5\libgcc.a(_udivmodqi4.o)
 .data          0x00800100        0x0 c:/winavr-20100110/bin/../lib/gcc/avr/4.3.3/../../../../avr/lib/avr5\libc.a(ultoa.o)
 .data          0x00800100        0x0 c:/winavr-20100110/bin/../lib/gcc/avr/4.3.3/../../../../avr/lib/avr5\libc.a(utoa.o)
 .data          0x00800100        0x0 c:/winavr-20100110/bin/../lib/gcc/avr/4.3.3/../../../../avr/lib/avr5\libc.a(eerd_byte_atmega328.o)
 .data          0x00800100        0x0 c:/winavr-20100110/bin/../lib/gcc/avr/4.3.3/../../../../avr/lib/avr5\libc.a(eerd_word_atmega328.o)
 .data          0x00800100        0x0 c:/winavr-20100110/bin/../lib/gcc/avr/4.3.3/../../../../avr/lib/avr5\libc.a(eewr_byte_atmega328.o)
 .data          0x00800100        0x0 c:/winavr-20100110/bin/../lib/gcc/avr/4.3.3/../../../../avr/lib/avr5\libc.a(strrev.o)
 .data          0x00800100        0x0 c:/winavr-20100110/bin/../lib/gcc/avr/4.3.3/../../../../avr/lib/avr5\libc.a(eerd_block_atmega328.o)
 *(.data*)
 *(.rodata)
 *(.rodata*)
 *(.gnu.linkonce.d*)
                0x00800100                . = ALIGN (0x2)
                0x00800100                _edata = .
                0x00800100                PROVIDE (__data_end, .)

.bss            0x00800100       0xf3
                0x00800100                PROVIDE (__bss_start, .)
 *(.bss)
 .bss           0x00800100        0x0 c:/winavr-20100110/bin/../lib/gcc/avr/4.3.3/../../../../avr/lib/avr5/crtm328.o
 .bss           0x00800100        0x1 main.o
                0x00800100                RX_Pos
 .bss           0x00800101        0x0 user.o
 .bss           0x00800101        0x0 pause.o
 .bss           0x00800101        0x0 adjust.o
 .bss           0x00800101        0x0 ADC.o
 .bss           0x00800101        0x0 probes.o
 .bss           0x00800101        0x0 display.o
 .bss           0x00800101        0x0 resistor.o
 .bss           0x00800101        0x0 cap.o
 .bss           0x00800101        0x0 semi.o
 .bss           0x00800101        0x0 inductor.o
 .bss           0x00800101        0x0 tools_misc.o
 .bss           0x00800101        0x0 tools_signal.o
 .bss           0x00800101        0x0 tools_counter.o
 .bss           0x00800101        0x0 tools_LC_Meter.o
 .bss           0x00800101        0x0 SPI.o
 .bss           0x00800101        0x0 I2C.o
 .bss           0x00800101        0x0 serial.o
 .bss           0x00800101        0x0 commands.o
 .bss           0x00800101        0x0 OneWire.o
 .bss           0x00800101        0x0 IR_RX.o
 .bss           0x00800101        0x0 IR_TX.o
 .bss           0x00800101        0x0 DHTxx.o
 .bss           0x00800101        0x0 ADS7843.o
 .bss           0x00800101        0x0 MAX6675.o
 .bss           0x00800101        0x0 MAX31855.o
 .bss           0x00800101        0x0 HD44780.o
 .bss           0x00800101        0x0 ILI9163.o
 .bss           0x00800101        0x0 ILI9341.o
 .bss           0x00800101        0x0 ILI9481.o
 .bss           0x00800101        0x0 ILI9486.o
 .bss           0x00800101        0x0 ILI9488.o
 .bss           0x00800101        0x0 PCD8544.o
 .bss           0x00800101        0x0 PCF8814.o
 .bss           0x00800101        0x0 SH1106.o
 .bss           0x00800101        0x0 SSD1306.o
 .bss           0x00800101        0x0 ST7036.o
 .bss           0x00800101        0x0 ST7565R.o
 .bss           0x00800101        0x0 ST7735.o
 .bss           0x00800101        0x0 Semi_ST7735.o
 .bss           0x00800101        0x0 ST7920.o
 .bss           0x00800101        0x0 STE2007.o
 .bss           0x00800101        0x0 VT100.o
 .bss           0x00800101        0x0 RD_Display.o
 .bss           0x00800101        0x0 wait.o
 .bss           0x00800101        0x0 c:/winavr-20100110/bin/../lib/gcc/avr/4.3.3/avr5\libgcc.a(_mulsi3.o)
 .bss           0x00800101        0x0 c:/winavr-20100110/bin/../lib/gcc/avr/4.3.3/avr5\libgcc.a(_divmodqi4.o)
 .bss           0x00800101        0x0 c:/winavr-20100110/bin/../lib/gcc/avr/4.3.3/avr5\libgcc.a(_udivmodhi4.o)
 .bss           0x00800101        0x0 c:/winavr-20100110/bin/../lib/gcc/avr/4.3.3/avr5\libgcc.a(_divmodhi4.o)
 .bss           0x00800101        0x0 c:/winavr-20100110/bin/../lib/gcc/avr/4.3.3/avr5\libgcc.a(_udivmodsi4.o)
 .bss           0x00800101        0x0 c:/winavr-20100110/bin/../lib/gcc/avr/4.3.3/avr5\libgcc.a(_divmodsi4.o)
 .bss           0x00800101        0x0 c:/winavr-20100110/bin/../lib/gcc/avr/4.3.3/avr5\libgcc.a(_prologue.o)
 .bss           0x00800101        0x0 c:/winavr-20100110/bin/../lib/gcc/avr/4.3.3/avr5\libgcc.a(_epilogue.o)
 .bss           0x00800101        0x0 c:/winavr-20100110/bin/../lib/gcc/avr/4.3.3/avr5\libgcc.a(_exit.o)
 .bss           0x00800101        0x0 c:/winavr-20100110/bin/../lib/gcc/avr/4.3.3/avr5\libgcc.a(_tablejump.o)
 .bss           0x00800101        0x0 c:/winavr-20100110/bin/../lib/gcc/avr/4.3.3/avr5\libgcc.a(_copy_data.o)
 .bss           0x00800101        0x0 c:/winavr-20100110/bin/../lib/gcc/avr/4.3.3/avr5\libgcc.a(_clear_bss.o)
 .bss           0x00800101        0x0 c:/winavr-20100110/bin/../lib/gcc/avr/4.3.3/avr5\libgcc.a(_udivmodqi4.o)
 .bss           0x00800101        0x0 c:/winavr-20100110/bin/../lib/gcc/avr/4.3.3/../../../../avr/lib/avr5\libc.a(ultoa.o)
 .bss           0x00800101        0x0 c:/winavr-20100110/bin/../lib/gcc/avr/4.3.3/../../../../avr/lib/avr5\libc.a(utoa.o)
 .bss           0x00800101        0x0 c:/winavr-20100110/bin/../lib/gcc/avr/4.3.3/../../../../avr/lib/avr5\libc.a(eerd_byte_atmega328.o)
 .bss           0x00800101        0x0 c:/winavr-20100110/bin/../lib/gcc/avr/4.3.3/../../../../avr/lib/avr5\libc.a(eerd_word_atmega328.o)
 .bss           0x00800101        0x0 c:/winavr-20100110/bin/../lib/gcc/avr/4.3.3/../../../../avr/lib/avr5\libc.a(eewr_byte_atmega328.o)
 .bss           0x00800101        0x0 c:/winavr-20100110/bin/../lib/gcc/avr/4.3.3/../../../../avr/lib/avr5\libc.a(strrev.o)
 .bss           0x00800101        0x0 c:/winavr-20100110/bin/../lib/gcc/avr/4.3.3/../../../../avr/lib/avr5\libc.a(eerd_block_atmega328.o)
 *(.bss*)
 *(COMMON)
 COMMON         0x00800101       0xec main.o
                0x00800101                Check
                0x0080010c                Resistors
                0x00800121                UI
                0x0080012f                RX_Buffer
                0x0080013a                I2C
                0x0080013c                AltSemi
                0x00800143                OutBuffer
                0x0080014f                Caps
                0x00800179                Info
                0x00800182                Diodes
                0x008001a6                Cfg
                0x008001af                MissedParts
                0x008001b0                Semi
                0x008001cb                Probes
                0x008001dd                NV
                0x008001e8                Inductor
 COMMON         0x008001ed        0x2 tools_counter.o
                0x008001ed                Pulses
 COMMON         0x008001ef        0x1 commands.o
                0x008001ef                FirstFlag
 COMMON         0x008001f0        0x3 SSD1306.o
                0x008001f0                MultiByte
                0x008001f1                Y_Start
                0x008001f2                X_Start
                0x008001f3                PROVIDE (__bss_end, .)
                0x00007912                __data_load_start = LOADADDR (.data)
                0x00007912                __data_load_end = (__data_load_start + SIZEOF (.data))

.noinit         0x008001f3        0x0
                0x008001f3                PROVIDE (__noinit_start, .)
 *(.noinit*)
                0x008001f3                PROVIDE (__noinit_end, .)
                0x008001f3                _end = .
                0x008001f3                PROVIDE (__heap_start, .)

.eeprom         0x00810000      0x3ff
 *(.eeprom*)
 .eeprom        0x00810000      0x3ff main.o
                0x008101f9                Diode_CA_str
                0x008100c0                Thyristor_str
                0x008103e4                T1_Prescaler_table
                0x0081028c                Cmd_C_GS_str
                0x00810296                Cmd_V_GS_off_str
                0x00810183                Vth_str
                0x00810164                NPN_str
                0x00810209                Cmd_NA_str
                0x00810235                Cmd_COMP_str
                0x008100c4                Triac_str
                0x0081024c                Cmd_HINT_str
                0x0081022f                Cmd_PROBE_str
                0x00810227                Cmd_VER_str
                0x0081018b                V_T_str
                0x00810217                Cmd_BJT_str
                0x0081011d                PowerOff_str
                0x008100da                PWM_str
                0x00810000                NV_Adjust_1
                0x008100ea                FreqCounter_str
                0x008101f5                Diode_AC_str
                0x0081014d                Channel_str
                0x0081004e                Done_str
                0x00810202                Cmd_ERR_str
                0x008101f1                Cap_str
                0x0081016c                h_FE_str
                0x008101b6                CapOffset_str
                0x00810168                PNP_str
                0x0081027c                Cmd_V_BE_str
                0x00810088                Create_str
                0x00810081                Remove_str
                0x00810291                Cmd_R_DS_str
                0x008102a5                Cmd_C_GE_str
                0x0081010e                None_str
                0x008100f8                Contrast_str
                0x008101c0                CompOffset_str
                0x00810277                Cmd_h_FE_str
                0x008100b3                Checksum_str
                0x00810145                MOS_str
                0x008103fc                Channel_table
                0x00810187                I_R_str
                0x00810197                RhHigh_str
                0x00810170                V_BE_str
                0x008103f3                Rl_table
                0x00810032                Timeout_str
                0x00810016                Tester_str
                0x00810265                Cmd_V_F_str
                0x0081000b                NV_Adjust_2
                0x00810174                V_GT_str
                0x0081023e                Cmd_QTY_str
                0x00810257                Cmd_PIN_str
                0x008100ca                PUT_str
                0x0081013e                Version_str
                0x00810054                Select_str
                0x00810156                Depletion_str
                0x008101ad                ProbeComb_str
                0x00810382                SmallCap_table
                0x00810212                Cmd_D_fb_str
                0x00810269                Cmd_V_F2_str
                0x0081023a                Cmd_MSG_str
                0x008101bc                Vcc_str
                0x0081022b                Cmd_OFF_str
                0x008100ae                Exit_str
                0x008101d5                R_DS_str
                0x008101a8                Rh_str
                0x00810206                Cmd_OK_str
                0x008100de                SquareWave_str
                0x008100a7                Error_str
                0x008102b8                Cmd_Table
                0x00810113                CTR_str
                0x008101d1                I_leak_str
                0x00810101                OptoCoupler_str
                0x008100d3                Hertz_str
                0x00810287                Cmd_V_TH_str
                0x008103f9                Pin_table
                0x0081012c                Photodiode_str
                0x0081025f                Cmd_L_str
                0x008101fd                Resistor_str
                0x00810281                Cmd_I_CEO_str
                0x008101c6                Profile1_str
                0x0081006b                Save_str
                0x0081019b                RiLow_str
                0x008101a3                Rl_str
                0x00810261                Cmd_ESR_str
                0x0081025d                Cmd_C_str
                0x0081021b                Cmd_D_Clamp_str
                0x0081005b                Selftest_str
                0x0081026e                Cmd_C_D_str
                0x008101eb                t_off_str
                0x00810137                NoBias_str
                0x00810060                Adjustment_str
                0x008100d6                External_str
                0x00810070                Load_str
                0x00810027                Probing_str
                0x008100ce                Bye_str
                0x0081018e                URef_str
                0x00810047                Failed2_str
                0x0081031e                Prefix_table
                0x008101b9                ROffset_str
                0x0081017e                Vf_str
                0x0081025b                Cmd_R_str
                0x00810251                Cmd_MHINT_str
                0x0081020d                Cmd_R_be_str
                0x008102ae                Cmd_V_F_clamp_str
                0x008101c9                Profile2_str
                0x0081029f                Cmd_I_DSS_str
                0x008103f6                Rh_table
                0x00810326                LargeCap_table
                0x0081008f                ShortCircuit_str
                0x0081015b                IGBT_str
                0x00810075                Show_str
                0x008101d9                V_GSoff_str
                0x008100bc                BJT_str
                0x00810149                FET_str
                0x00810193                RhLow_str
                0x00810394                PWM_Freq_table
                0x00810121                Flashlight_str
                0x008103ee                T1_RegBits_table
                0x0081003a                Failed1_str
                0x008102aa                Cmd_V_T_str
                0x00810181                DiodeCap_str
                0x00810242                Cmd_NEXT_str
                0x00810247                Cmd_TYPE_str
                0x00810179                I_CEO_str
                0x00810117                Start_str
                0x00810151                Enhancement_str
                0x0081019f                RiHigh_str
                0x00810223                Cmd_SYM_str
                0x0081013a                ReverseBias_str
                0x0081009e                DischargeFailed_str
                0x008101e6                t_on_str
                0x008101cc                I_DSS_str
                0x00810272                Cmd_R_BE_str
                0x008101e3                If_str
                0x008103a4                Inductor_table
                0x00810160                Cgs_str
                0x008103ff                __eeprom_end = .

.fuse
 *(.fuse)
 *(.lfuse)
 *(.hfuse)
 *(.efuse)

.lock
 *(.lock*)

.signature
 *(.signature*)

.stab
 *(.stab)

.stabstr
 *(.stabstr)

.stab.excl
 *(.stab.excl)

.stab.exclstr
 *(.stab.exclstr)

.stab.index
 *(.stab.index)

.stab.indexstr
 *(.stab.indexstr)

.comment
 *(.comment)

.debug
 *(.debug)

.line
 *(.line)

.debug_srcinfo
 *(.debug_srcinfo)

.debug_sfnames
 *(.debug_sfnames)

.debug_aranges  0x00000000      0x240
 *(.debug_aranges)
 .debug_aranges
                0x00000000       0x20 main.o
 .debug_aranges
                0x00000020       0x20 user.o
 .debug_aranges
                0x00000040       0x20 pause.o
 .debug_aranges
                0x00000060       0x20 adjust.o
 .debug_aranges
                0x00000080       0x20 ADC.o
 .debug_aranges
                0x000000a0       0x20 probes.o
 .debug_aranges
                0x000000c0       0x20 display.o
 .debug_aranges
                0x000000e0       0x20 resistor.o
 .debug_aranges
                0x00000100       0x20 cap.o
 .debug_aranges
                0x00000120       0x20 semi.o
 .debug_aranges
                0x00000140       0x20 inductor.o
 .debug_aranges
                0x00000160       0x20 tools_misc.o
 .debug_aranges
                0x00000180       0x20 tools_signal.o
 .debug_aranges
                0x000001a0       0x20 tools_counter.o
 .debug_aranges
                0x000001c0       0x20 I2C.o
 .debug_aranges
                0x000001e0       0x20 serial.o
 .debug_aranges
                0x00000200       0x20 commands.o
 .debug_aranges
                0x00000220       0x20 SSD1306.o

.debug_pubnames
                0x00000000     0x168f
 *(.debug_pubnames)
 .debug_pubnames
                0x00000000      0xaa4 main.o
 .debug_pubnames
                0x00000aa4       0xcd user.o
 .debug_pubnames
                0x00000b71       0x30 pause.o
 .debug_pubnames
                0x00000ba1       0x8e adjust.o
 .debug_pubnames
                0x00000c2f       0x39 ADC.o
 .debug_pubnames
                0x00000c68       0xe1 probes.o
 .debug_pubnames
                0x00000d49      0x280 display.o
 .debug_pubnames
                0x00000fc9       0x4e resistor.o
 .debug_pubnames
                0x00001017       0x6d cap.o
 .debug_pubnames
                0x00001084       0xe5 semi.o
 .debug_pubnames
                0x00001169       0x3c inductor.o
 .debug_pubnames
                0x000011a5       0x68 tools_misc.o
 .debug_pubnames
                0x0000120d       0x3e tools_signal.o
 .debug_pubnames
                0x0000124b       0x52 tools_counter.o
 .debug_pubnames
                0x0000129d       0x4d I2C.o
 .debug_pubnames
                0x000012ea       0x7e serial.o
 .debug_pubnames
                0x00001368      0x1dc commands.o
 .debug_pubnames
                0x00001544      0x14b SSD1306.o

.debug_info     0x00000000     0x8b27
 *(.debug_info)
 .debug_info    0x00000000     0x1c3a main.o
 .debug_info    0x00001c3a      0x8e7 user.o
 .debug_info    0x00002521       0xf2 pause.o
 .debug_info    0x00002613      0x711 adjust.o
 .debug_info    0x00002d24      0x1e4 ADC.o
 .debug_info    0x00002f08      0x931 probes.o
 .debug_info    0x00003839      0xa8a display.o
 .debug_info    0x000042c3      0x60a resistor.o
 .debug_info    0x000048cd      0x8cf cap.o
 .debug_info    0x0000519c      0xb06 semi.o
 .debug_info    0x00005ca2      0x5a5 inductor.o
 .debug_info    0x00006247      0x7c8 tools_misc.o
 .debug_info    0x00006a0f      0x333 tools_signal.o
 .debug_info    0x00006d42      0x250 tools_counter.o
 .debug_info    0x00006f92       0x68 tools_LC_Meter.o
 .debug_info    0x00006ffa        0x0 SPI.o
 .debug_info    0x00006ffa      0x1b3 I2C.o
 .debug_info    0x000071ad      0x368 serial.o
 .debug_info    0x00007515      0xf70 commands.o
 .debug_info    0x00008485        0x0 OneWire.o
 .debug_info    0x00008485        0x0 IR_RX.o
 .debug_info    0x00008485        0x0 IR_TX.o
 .debug_info    0x00008485        0x0 DHTxx.o
 .debug_info    0x00008485        0x0 ADS7843.o
 .debug_info    0x00008485        0x0 MAX6675.o
 .debug_info    0x00008485        0x0 MAX31855.o
 .debug_info    0x00008485        0x0 HD44780.o
 .debug_info    0x00008485        0x0 ILI9163.o
 .debug_info    0x00008485        0x0 ILI9341.o
 .debug_info    0x00008485        0x0 ILI9481.o
 .debug_info    0x00008485        0x0 ILI9486.o
 .debug_info    0x00008485        0x0 ILI9488.o
 .debug_info    0x00008485        0x0 PCD8544.o
 .debug_info    0x00008485        0x0 PCF8814.o
 .debug_info    0x00008485        0x0 SH1106.o
 .debug_info    0x00008485      0x6a2 SSD1306.o
 .debug_info    0x00008b27        0x0 ST7036.o
 .debug_info    0x00008b27        0x0 ST7565R.o
 .debug_info    0x00008b27        0x0 ST7735.o
 .debug_info    0x00008b27        0x0 Semi_ST7735.o
 .debug_info    0x00008b27        0x0 ST7920.o
 .debug_info    0x00008b27        0x0 STE2007.o
 .debug_info    0x00008b27        0x0 VT100.o
 .debug_info    0x00008b27        0x0 RD_Display.o
 *(.gnu.linkonce.wi.*)

.debug_abbrev   0x00000000     0x1aee
 *(.debug_abbrev)
 .debug_abbrev  0x00000000      0x223 main.o
 .debug_abbrev  0x00000223      0x1bf user.o
 .debug_abbrev  0x000003e2       0x8a pause.o
 .debug_abbrev  0x0000046c      0x171 adjust.o
 .debug_abbrev  0x000005dd       0xe3 ADC.o
 .debug_abbrev  0x000006c0      0x1fa probes.o
 .debug_abbrev  0x000008ba      0x181 display.o
 .debug_abbrev  0x00000a3b      0x180 resistor.o
 .debug_abbrev  0x00000bbb      0x23c cap.o
 .debug_abbrev  0x00000df7      0x1e6 semi.o
 .debug_abbrev  0x00000fdd      0x118 inductor.o
 .debug_abbrev  0x000010f5      0x158 tools_misc.o
 .debug_abbrev  0x0000124d      0x135 tools_signal.o
 .debug_abbrev  0x00001382      0x12d tools_counter.o
 .debug_abbrev  0x000014af       0x33 tools_LC_Meter.o
 .debug_abbrev  0x000014e2        0x1 SPI.o
 .debug_abbrev  0x000014e3       0xf3 I2C.o
 .debug_abbrev  0x000015d6      0x158 serial.o
 .debug_abbrev  0x0000172e      0x21e commands.o
 .debug_abbrev  0x0000194c        0x1 OneWire.o
 .debug_abbrev  0x0000194d        0x1 IR_RX.o
 .debug_abbrev  0x0000194e        0x1 IR_TX.o
 .debug_abbrev  0x0000194f        0x1 DHTxx.o
 .debug_abbrev  0x00001950        0x1 ADS7843.o
 .debug_abbrev  0x00001951        0x1 MAX6675.o
 .debug_abbrev  0x00001952        0x1 MAX31855.o
 .debug_abbrev  0x00001953        0x1 HD44780.o
 .debug_abbrev  0x00001954        0x1 ILI9163.o
 .debug_abbrev  0x00001955        0x1 ILI9341.o
 .debug_abbrev  0x00001956        0x1 ILI9481.o
 .debug_abbrev  0x00001957        0x1 ILI9486.o
 .debug_abbrev  0x00001958        0x1 ILI9488.o
 .debug_abbrev  0x00001959        0x1 PCD8544.o
 .debug_abbrev  0x0000195a        0x1 PCF8814.o
 .debug_abbrev  0x0000195b        0x1 SH1106.o
 .debug_abbrev  0x0000195c      0x18a SSD1306.o
 .debug_abbrev  0x00001ae6        0x1 ST7036.o
 .debug_abbrev  0x00001ae7        0x1 ST7565R.o
 .debug_abbrev  0x00001ae8        0x1 ST7735.o
 .debug_abbrev  0x00001ae9        0x1 Semi_ST7735.o
 .debug_abbrev  0x00001aea        0x1 ST7920.o
 .debug_abbrev  0x00001aeb        0x1 STE2007.o
 .debug_abbrev  0x00001aec        0x1 VT100.o
 .debug_abbrev  0x00001aed        0x1 RD_Display.o

.debug_line     0x00000000     0x7ad2
 *(.debug_line)
 .debug_line    0x00000000     0x1017 main.o
 .debug_line    0x00001017      0x910 user.o
 .debug_line    0x00001927      0x151 pause.o
 .debug_line    0x00001a78      0x8e5 adjust.o
 .debug_line    0x0000235d      0x1c1 ADC.o
 .debug_line    0x0000251e      0x765 probes.o
 .debug_line    0x00002c83      0x805 display.o
 .debug_line    0x00003488      0x53f resistor.o
 .debug_line    0x000039c7      0x99b cap.o
 .debug_line    0x00004362      0xe7b semi.o
 .debug_line    0x000051dd      0x410 inductor.o
 .debug_line    0x000055ed      0x5e1 tools_misc.o
 .debug_line    0x00005bce      0x3f0 tools_signal.o
 .debug_line    0x00005fbe      0x2a2 tools_counter.o
 .debug_line    0x00006260       0x3e tools_LC_Meter.o
 .debug_line    0x0000629e       0x24 SPI.o
 .debug_line    0x000062c2      0x24e I2C.o
 .debug_line    0x00006510      0x257 serial.o
 .debug_line    0x00006767      0xb2b commands.o
 .debug_line    0x00007292       0x24 OneWire.o
 .debug_line    0x000072b6       0x24 IR_RX.o
 .debug_line    0x000072da       0x24 IR_TX.o
 .debug_line    0x000072fe       0x24 DHTxx.o
 .debug_line    0x00007322       0x24 ADS7843.o
 .debug_line    0x00007346       0x24 MAX6675.o
 .debug_line    0x0000736a       0x24 MAX31855.o
 .debug_line    0x0000738e       0x24 HD44780.o
 .debug_line    0x000073b2       0x24 ILI9163.o
 .debug_line    0x000073d6       0x24 ILI9341.o
 .debug_line    0x000073fa       0x24 ILI9481.o
 .debug_line    0x0000741e       0x24 ILI9486.o
 .debug_line    0x00007442       0x24 ILI9488.o
 .debug_line    0x00007466       0x24 PCD8544.o
 .debug_line    0x0000748a       0x24 PCF8814.o
 .debug_line    0x000074ae       0x24 SH1106.o
 .debug_line    0x000074d2      0x4e0 SSD1306.o
 .debug_line    0x000079b2       0x24 ST7036.o
 .debug_line    0x000079d6       0x24 ST7565R.o
 .debug_line    0x000079fa       0x24 ST7735.o
 .debug_line    0x00007a1e       0x24 Semi_ST7735.o
 .debug_line    0x00007a42       0x24 ST7920.o
 .debug_line    0x00007a66       0x24 STE2007.o
 .debug_line    0x00007a8a       0x24 VT100.o
 .debug_line    0x00007aae       0x24 RD_Display.o

.debug_frame    0x00000000      0xbf0
 *(.debug_frame)
 .debug_frame   0x00000000      0x170 main.o
 .debug_frame   0x00000170       0xd0 user.o
 .debug_frame   0x00000240       0x30 pause.o
 .debug_frame   0x00000270       0x70 adjust.o
 .debug_frame   0x000002e0       0x40 ADC.o
 .debug_frame   0x00000320       0xd0 probes.o
 .debug_frame   0x000003f0      0x1c0 display.o
 .debug_frame   0x000005b0       0x40 resistor.o
 .debug_frame   0x000005f0       0x70 cap.o
 .debug_frame   0x00000660       0xc0 semi.o
 .debug_frame   0x00000720       0x30 inductor.o
 .debug_frame   0x00000750       0x60 tools_misc.o
 .debug_frame   0x000007b0       0x30 tools_signal.o
 .debug_frame   0x000007e0       0x40 tools_counter.o
 .debug_frame   0x00000820       0x50 I2C.o
 .debug_frame   0x00000870       0x70 serial.o
 .debug_frame   0x000008e0      0x220 commands.o
 .debug_frame   0x00000b00       0xf0 SSD1306.o

.debug_str      0x00000000     0x176a
 *(.debug_str)
 .debug_str     0x00000000      0xb40 main.o
                                0xc53 (size before relaxing)
 .debug_str     0x00000b40      0x121 user.o
                                0x472 (size before relaxing)
 .debug_str     0x00000c61       0x25 pause.o
                                0x12d (size before relaxing)
 .debug_str     0x00000c86       0xdd adjust.o
                                0x404 (size before relaxing)
 .debug_str     0x00000d63       0x28 ADC.o
                                0x16d (size before relaxing)
 .debug_str     0x00000d8b      0x105 probes.o
                                0x3e9 (size before relaxing)
 .debug_str     0x00000e90      0x258 display.o
                                0x57e (size before relaxing)
 .debug_str     0x000010e8       0x85 resistor.o
                                0x308 (size before relaxing)
 .debug_str     0x0000116d       0x95 cap.o
                                0x37e (size before relaxing)
 .debug_str     0x00001202      0x14b semi.o
                                0x47d (size before relaxing)
 .debug_str     0x0000134d       0x4b inductor.o
                                0x2f7 (size before relaxing)
 .debug_str     0x00001398       0x61 tools_misc.o
                                0x3f4 (size before relaxing)
 .debug_str     0x000013f9       0x4a tools_signal.o
                                0x255 (size before relaxing)
 .debug_str     0x00001443       0x4a tools_counter.o
                                0x1d9 (size before relaxing)
 .debug_str     0x0000148d       0x11 tools_LC_Meter.o
                                 0xed (size before relaxing)
 .debug_str     0x0000149e       0x31 I2C.o
                                0x13a (size before relaxing)
 .debug_str     0x000014cf       0x5d serial.o
                                0x1a6 (size before relaxing)
 .debug_str     0x0000152c      0x150 commands.o
                                0x537 (size before relaxing)
 .debug_str     0x0000167c       0xee SSD1306.o
                                0x321 (size before relaxing)

.debug_loc      0x00000000     0x6365
 *(.debug_loc)
 .debug_loc     0x00000000      0x86a main.o
 .debug_loc     0x0000086a      0x6b6 user.o
 .debug_loc     0x00000f20       0xa8 pause.o
 .debug_loc     0x00000fc8      0x592 adjust.o
 .debug_loc     0x0000155a      0x11e ADC.o
 .debug_loc     0x00001678      0x5c7 probes.o
 .debug_loc     0x00001c3f      0x68a display.o
 .debug_loc     0x000022c9      0x831 resistor.o
 .debug_loc     0x00002afa      0xb3a cap.o
 .debug_loc     0x00003634      0xe40 semi.o
 .debug_loc     0x00004474      0x55b inductor.o
 .debug_loc     0x000049cf      0x4c9 tools_misc.o
 .debug_loc     0x00004e98      0x455 tools_signal.o
 .debug_loc     0x000052ed      0x181 tools_counter.o
 .debug_loc     0x0000546e       0xf0 I2C.o
 .debug_loc     0x0000555e      0x112 serial.o
 .debug_loc     0x00005670      0xaa4 commands.o
 .debug_loc     0x00006114      0x251 SSD1306.o

.debug_macinfo
 *(.debug_macinfo)
OUTPUT(ComponentTester elf32-avr)
LOAD linker stubs
