Archive member included because of file (symbol)

c:/winavr-20100110/bin/../lib/gcc/avr/4.3.3/avr5\libgcc.a(_mulsi3.o)
                              user.o (__mulsi3)
c:/winavr-20100110/bin/../lib/gcc/avr/4.3.3/avr5\libgcc.a(_divmodqi4.o)
                              display.o (__divmodqi4)
c:/winavr-20100110/bin/../lib/gcc/avr/4.3.3/avr5\libgcc.a(_udivmodhi4.o)
                              adjust.o (__udivmodhi4)
c:/winavr-20100110/bin/../lib/gcc/avr/4.3.3/avr5\libgcc.a(_divmodhi4.o)
                              main.o (__divmodhi4)
c:/winavr-20100110/bin/../lib/gcc/avr/4.3.3/avr5\libgcc.a(_udivmodsi4.o)
                              user.o (__udivmodsi4)
c:/winavr-20100110/bin/../lib/gcc/avr/4.3.3/avr5\libgcc.a(_divmodsi4.o)
                              adjust.o (__divmodsi4)
c:/winavr-20100110/bin/../lib/gcc/avr/4.3.3/avr5\libgcc.a(_prologue.o)
                              main.o (__prologue_saves__)
c:/winavr-20100110/bin/../lib/gcc/avr/4.3.3/avr5\libgcc.a(_epilogue.o)
                              main.o (__epilogue_restores__)
c:/winavr-20100110/bin/../lib/gcc/avr/4.3.3/avr5\libgcc.a(_exit.o)
                              c:/winavr-20100110/bin/../lib/gcc/avr/4.3.3/../../../../avr/lib/avr5/crtm328.o (exit)
c:/winavr-20100110/bin/../lib/gcc/avr/4.3.3/avr5\libgcc.a(_tablejump.o)
                              user.o (__tablejump2__)
c:/winavr-20100110/bin/../lib/gcc/avr/4.3.3/avr5\libgcc.a(_copy_data.o)
                              user.o (__do_copy_data)
c:/winavr-20100110/bin/../lib/gcc/avr/4.3.3/avr5\libgcc.a(_clear_bss.o)
                              main.o (__do_clear_bss)
c:/winavr-20100110/bin/../lib/gcc/avr/4.3.3/avr5\libgcc.a(_udivmodqi4.o)
                              c:/winavr-20100110/bin/../lib/gcc/avr/4.3.3/avr5\libgcc.a(_divmodqi4.o) (__udivmodqi4)
c:/winavr-20100110/bin/../lib/gcc/avr/4.3.3/../../../../avr/lib/avr5\libc.a(ultoa.o)
                              display.o (ultoa)
c:/winavr-20100110/bin/../lib/gcc/avr/4.3.3/../../../../avr/lib/avr5\libc.a(utoa.o)
                              display.o (utoa)
c:/winavr-20100110/bin/../lib/gcc/avr/4.3.3/../../../../avr/lib/avr5\libc.a(eerd_byte_atmega328.o)
                              adjust.o (__eerd_byte_m328)
c:/winavr-20100110/bin/../lib/gcc/avr/4.3.3/../../../../avr/lib/avr5\libc.a(eerd_word_atmega328.o)
                              user.o (__eerd_word_m328)
c:/winavr-20100110/bin/../lib/gcc/avr/4.3.3/../../../../avr/lib/avr5\libc.a(eewr_byte_atmega328.o)
                              adjust.o (__eewr_byte_m328)
c:/winavr-20100110/bin/../lib/gcc/avr/4.3.3/../../../../avr/lib/avr5\libc.a(strrev.o)
                              c:/winavr-20100110/bin/../lib/gcc/avr/4.3.3/../../../../avr/lib/avr5\libc.a(ultoa.o) (strrev)
c:/winavr-20100110/bin/../lib/gcc/avr/4.3.3/../../../../avr/lib/avr5\libc.a(eerd_block_atmega328.o)
                              c:/winavr-20100110/bin/../lib/gcc/avr/4.3.3/../../../../avr/lib/avr5\libc.a(eerd_word_atmega328.o) (__eerd_blraw_m328)

Allocating common symbols
Common symbol       size              file

Check               0xb               main.o
MultiByte           0x1               SSD1306.o
Resistors           0x15              main.o
UI                  0xe               main.o
RX_Buffer           0xb               main.o
I2C                 0x2               main.o
AltSemi             0x7               main.o
OutBuffer           0xc               main.o
Caps                0x2a              main.o
Info                0x9               main.o
Diodes              0x24              main.o
Cfg                 0x9               main.o
MissedParts         0x1               main.o
Semi                0x1b              main.o
Pulses              0x2               tools_counter.o
Y_Start             0x1               SSD1306.o
X_Start             0x1               SSD1306.o
Probes              0x12              main.o
NV                  0xb               main.o
FirstFlag           0x1               commands.o
Inductor            0x5               main.o

Memory Configuration

Name             Origin             Length             Attributes
text             0x00000000         0x00020000         xr
data             0x00800060         0x0000ffa0         rw !x
eeprom           0x00810000         0x00010000         rw !x
fuse             0x00820000         0x00000400         rw !x
lock             0x00830000         0x00000400         rw !x
signature        0x00840000         0x00000400         rw !x
*default*        0x00000000         0xffffffff

Linker script and memory map

Address of section .data set to 0x800100
LOAD c:/winavr-20100110/bin/../lib/gcc/avr/4.3.3/../../../../avr/lib/avr5/crtm328.o
LOAD main.o
LOAD user.o
LOAD pause.o
LOAD adjust.o
LOAD ADC.o
LOAD probes.o
LOAD display.o
LOAD resistor.o
LOAD cap.o
LOAD semi.o
LOAD inductor.o
LOAD tools_misc.o
LOAD tools_signal.o
LOAD tools_counter.o
LOAD tools_LC_Meter.o
LOAD SPI.o
LOAD I2C.o
LOAD serial.o
LOAD commands.o
LOAD OneWire.o
LOAD IR_RX.o
LOAD IR_TX.o
LOAD DHTxx.o
LOAD ADS7843.o
LOAD MAX6675.o
LOAD MAX31855.o
LOAD HD44780.o
LOAD ILI9163.o
LOAD ILI9341.o
LOAD ILI9481.o
LOAD ILI9486.o
LOAD ILI9488.o
LOAD PCD8544.o
LOAD PCF8814.o
LOAD SH1106.o
LOAD SSD1306.o
LOAD ST7036.o
LOAD ST7565R.o
LOAD ST7735.o
LOAD Semi_ST7735.o
LOAD ST7920.o
LOAD STE2007.o
LOAD VT100.o
LOAD RD_Display.o
LOAD wait.o
LOAD c:/winavr-20100110/bin/../lib/gcc/avr/4.3.3/avr5\libgcc.a
LOAD c:/winavr-20100110/bin/../lib/gcc/avr/4.3.3/../../../../avr/lib/avr5\libc.a
LOAD c:/winavr-20100110/bin/../lib/gcc/avr/4.3.3/avr5\libgcc.a

.hash
 *(.hash)

.dynsym
 *(.dynsym)

.dynstr
 *(.dynstr)

.gnu.version
 *(.gnu.version)

.gnu.version_d
 *(.gnu.version_d)

.gnu.version_r
 *(.gnu.version_r)

.rel.init
 *(.rel.init)

.rela.init
 *(.rela.init)

.rel.text
 *(.rel.text)
 *(.rel.text.*)
 *(.rel.gnu.linkonce.t*)

.rela.text
 *(.rela.text)
 *(.rela.text.*)
 *(.rela.gnu.linkonce.t*)

.rel.fini
 *(.rel.fini)

.rela.fini
 *(.rela.fini)

.rel.rodata
 *(.rel.rodata)
 *(.rel.rodata.*)
 *(.rel.gnu.linkonce.r*)

.rela.rodata
 *(.rela.rodata)
 *(.rela.rodata.*)
 *(.rela.gnu.linkonce.r*)

.rel.data
 *(.rel.data)
 *(.rel.data.*)
 *(.rel.gnu.linkonce.d*)

.rela.data
 *(.rela.data)
 *(.rela.data.*)
 *(.rela.gnu.linkonce.d*)

.rel.ctors
 *(.rel.ctors)

.rela.ctors
 *(.rela.ctors)

.rel.dtors
 *(.rel.dtors)

.rela.dtors
 *(.rela.dtors)

.rel.got
 *(.rel.got)

.rela.got
 *(.rela.got)

.rel.bss
 *(.rel.bss)

.rela.bss
 *(.rela.bss)

.rel.plt
 *(.rel.plt)

.rela.plt
 *(.rela.plt)

.text           0x00000000     0x782e
 *(.vectors)
 .vectors       0x00000000       0x68 c:/winavr-20100110/bin/../lib/gcc/avr/4.3.3/../../../../avr/lib/avr5/crtm328.o
                0x00000000                __vectors
                0x00000000                __vector_default
 *(.vectors)
 *(.progmem.gcc*)
 .progmem.gcc_sw_table
                0x00000068       0x50 user.o
 .progmem.gcc_sw_table
                0x000000b8       0x5e commands.o
 *(.progmem*)
 .progmem.data  0x00000116      0x892 SSD1306.o
                0x0000097e                PinTable
                0x0000048e                FontTable
                0x00000116                FontData
                0x0000058e                SymbolData
                0x000009a8                . = ALIGN (0x2)
                0x000009a8                __trampolines_start = .
 *(.trampolines)
 .trampolines   0x000009a8        0x0 linker stubs
 *(.trampolines*)
                0x000009a8                __trampolines_end = .
 *(.jumptables)
 *(.jumptables*)
 *(.lowtext)
 *(.lowtext*)
                0x000009a8                __ctors_start = .
 *(.ctors)
                0x000009a8                __ctors_end = .
                0x000009a8                __dtors_start = .
 *(.dtors)
                0x000009a8                __dtors_end = .
 SORT(*)(.ctors)
 SORT(*)(.dtors)
 *(.init0)
 .init0         0x000009a8        0x0 c:/winavr-20100110/bin/../lib/gcc/avr/4.3.3/../../../../avr/lib/avr5/crtm328.o
                0x000009a8                __init
 *(.init0)
 *(.init1)
 *(.init1)
 *(.init2)
 .init2         0x000009a8        0xc c:/winavr-20100110/bin/../lib/gcc/avr/4.3.3/../../../../avr/lib/avr5/crtm328.o
 *(.init2)
 *(.init3)
 *(.init3)
 *(.init4)
 .init4         0x000009b4       0x16 c:/winavr-20100110/bin/../lib/gcc/avr/4.3.3/avr5\libgcc.a(_copy_data.o)
                0x000009b4                __do_copy_data
 .init4         0x000009ca       0x10 c:/winavr-20100110/bin/../lib/gcc/avr/4.3.3/avr5\libgcc.a(_clear_bss.o)
                0x000009ca                __do_clear_bss
 *(.init4)
 *(.init5)
 *(.init5)
 *(.init6)
 *(.init6)
 *(.init7)
 *(.init7)
 *(.init8)
 *(.init8)
 *(.init9)
 .init9         0x000009da        0x8 c:/winavr-20100110/bin/../lib/gcc/avr/4.3.3/../../../../avr/lib/avr5/crtm328.o
 *(.init9)
 *(.text)
 .text          0x000009e2        0x4 c:/winavr-20100110/bin/../lib/gcc/avr/4.3.3/../../../../avr/lib/avr5/crtm328.o
                0x000009e2                __vector_22
                0x000009e2                __vector_1
                0x000009e2                __vector_24
                0x000009e2                __vector_12
                0x000009e2                __bad_interrupt
                0x000009e2                __vector_6
                0x000009e2                __vector_3
                0x000009e2                __vector_23
                0x000009e2                __vector_25
                0x000009e2                __vector_13
                0x000009e2                __vector_17
                0x000009e2                __vector_19
                0x000009e2                __vector_5
                0x000009e2                __vector_4
                0x000009e2                __vector_9
                0x000009e2                __vector_2
                0x000009e2                __vector_21
                0x000009e2                __vector_15
                0x000009e2                __vector_8
                0x000009e2                __vector_14
                0x000009e2                __vector_10
                0x000009e2                __vector_18
                0x000009e2                __vector_20
 .text          0x000009e6     0x1014 main.o
                0x000013e6                Show_Resistor
                0x00000e10                Show_BJT
                0x00000adc                Show_SingleResistor
                0x00000b14                Show_SemiFlybackDiode
                0x00000a5c                Show_FET_Mode
                0x00001984                Show_SimplePinout
                0x00000c76                Show_PUT
                0x000012f2                Show_Capacitor
                0x000009e6                Get_SemiPinDesignator
                0x00000a40                Show_Fail
                0x00000cc0                Show_ThyristorTriac
                0x0000158c                Show_Error
                0x000015d0                main
                0x00000d08                Show_IGBT
                0x00000a78                Show_FET_Channel
                0x00000a98                CheckVoltageRefs
                0x00000d26                Show_SemiCurrent
                0x00000b2c                Show_FET_Extras
                0x00000a0a                PowerOff
                0x00000fe6                Show_Diode
                0x00000d86                Show_FET
                0x00000c4a                Show_SemiPinout
 .text          0x000019fa      0x730 user.o
                0x0000205c                WaitKey
                0x00001d56                MenuTool
                0x00002068                MainMenu
                0x00001af0                RescaleValue
                0x00001f82                AdjustmentMenu
                0x00001bd6                TestKey
                0x00001b3a                MarkItem
                0x00001eae                PresentMainMenu
                0x00001ff4                ShortCircuit
                0x00001b4c                ReadIncDecKeys
                0x00001a26                CmpValue
                0x000019fa                NumberOfDigits
 .text          0x0000212a       0x98 pause.o
                0x000021aa                __vector_7
                0x0000212a                MilliSleep
 .text          0x000021c2      0x862 adjust.o
                0x00002556                SelfAdjustment
                0x00002218                SelfTest
                0x00002482                ShowAdjustmentValues
                0x000021fc                CheckSum
                0x000021c2                SetAdjustmentDefaults
                0x00002996                ManageAdjustmentStorage
 .text          0x00002a24       0xf4 ADC.o
                0x00002b06                ReadU_5ms
                0x00002a24                ReadU
                0x00002af4                ReadU_20ms
 .text          0x00002b18      0x6b2 probes.o
                0x00002c9a                UpdateProbes
                0x00002f8c                ShortedProbes
                0x00002fc8                DischargeProbes
                0x00002b7e                GetFactor
                0x00002b18                BackupProbes
                0x00002c5c                PullProbe
                0x00002fb6                RestoreProbes
                0x00003134                DischargeCap
                0x00002d8c                CheckProbes
                0x00002b32                GetThirdProbe
                0x00002b3c                CheckAlternatives
                0x00002f1e                ShortedPair
 .text          0x000031ca      0x4ec display.o
                0x00003494                Display_ProbeNumber
                0x000035ac                Display_NextLine
                0x0000349c                Display_FancyProbeNumber
                0x0000325a                Display_Value
                0x000036a0                Display_NL_EEString
                0x000031f6                Display_Serial_Off
                0x0000352c                Display_EEString_Space
                0x00003226                LCD_ClearLine2
                0x00003434                Display_Minus
                0x00003686                Display_NL_EEString_Space
                0x0000343c                Display_SignedValue
                0x0000360a                Display_FancySemiPinout
                0x00003482                Display_Space
                0x000031ca                Display_Serial_Only
                0x00003394                Display_FullValue
                0x0000348a                Display_SemiPinDesignator
                0x0000342c                Display_Colon
                0x00003216                LCD_ClearLine3
                0x000031e0                Display_LCD_Only
                0x00003536                ChangeContrast
                0x0000367c                Display_EEString_NL
                0x0000350e                Display_EEString
                0x00003236                Display_Char
                0x00003206                Display_Serial_On
 .text          0x000036b6      0x68a resistor.o
                0x0000384a                CheckResistor
                0x00003ce6                CheckSingleResistor
                0x000036b6                SmallResistor
 .text          0x00003d40      0x97a cap.o
                0x00003d40                SetUpDelayTimer
                0x00003d6a                SmallCap
                0x00004060                LargeCap
                0x00004300                MeasureCap
                0x00003d58                DelayTimer
                0x00004416                MeasureESR
 .text          0x000046ba      0xf46 semi.o
                0x000046ba                SemiPinDesignators
                0x00004bb6                CheckDepletionModeFET
                0x00004998                GetLeakageCurrent
                0x00004822                Get_hFE_C
                0x000053f4                CheckDiode
                0x0000474a                VerifyMOSFET
                0x00004722                SearchDiode
                0x00004f2e                GetGateThreshold
                0x00004a72                CheckThyristorTriac
                0x00005044                CheckTransistor
                0x00004780                CheckPUT
 .text          0x00005600      0x492 inductor.o
                0x00005600                MeasureInductance
                0x00005816                MeasureInductor
 .text          0x00005a92      0x502 tools_misc.o
                0x00005a92                Check_LED
                0x00005ad0                OptoCoupler_Tool
                0x00005e6e                PhotodiodeCheck
                0x00005e30                ProbePinout
 .text          0x00005f94      0x408 tools_signal.o
                0x00005f94                SquareWave_SignalGenerator
                0x000061c8                PWM_Tool
 .text          0x0000639c      0x224 tools_counter.o
                0x000063cc                __vector_11
                0x0000639c                __vector_16
                0x000063f4                FrequencyCounter
 .text          0x000065c0        0x0 tools_LC_Meter.o
 .text          0x000065c0        0x0 SPI.o
 .text          0x000065c0       0xca I2C.o
                0x000065c0                I2C_Setup
                0x00006616                I2C_WriteByte
                0x000065fa                I2C_Start
                0x000065dc                I2C_Stop
 .text          0x0000668a      0x192 serial.o
                0x00006746                Serial_Char
                0x000066d6                USART0_RX_vect
                0x000067fe                Serial_NewLine
                0x000066a4                Serial_WriteByte
                0x0000668a                Serial_Setup
                0x000066b4                Serial_Ctrl
 .text          0x0000681c      0xa40 commands.o
                0x000069f4                Cmd_I_R
                0x00007078                SemiPinout
                0x000068a4                Cmd_V_GT
                0x00007002                Cmd_TYPE
                0x00006d48                Cmd_V_GS_off
                0x00006844                Cmd_V_F_clamp
                0x00006d84                Cmd_V_TH
                0x00006d0e                GetCommand
                0x0000694c                Cmd_V_BE
                0x00006880                Cmd_V_T
                0x00006aaa                Cmd_V_F2
                0x00006fe2                FET_Channel
                0x000069a4                Cmd_R_BE
                0x0000681c                SelectedComp
                0x00006af0                Cmd_V_F
                0x00006c24                Cmd_C
                0x00006bee                Cmd_L
                0x00006c54                Cmd_R
                0x00006a48                Cmd_C_D
                0x00006ec6                Cmd_HINT
                0x00006c9a                FindCommand
                0x00007120                RunCommand
                0x00006dba                SimplePinout
                0x00006e6a                Cmd_MHINT
                0x00006df6                Cmd_MSG
                0x00006bbe                Cmd_ESR
                0x00006b84                Cmd_I_L
                0x00006904                Cmd_C_GS
                0x00006fc6                FET_Mode
                0x0000697c                Cmd_H_FE
                0x000068d4                Cmd_R_DS
                0x00007098                Cmd_PIN
                0x00006e56                SpaceLogic
 .text          0x0000725c        0x0 OneWire.o
 .text          0x0000725c        0x0 IR_RX.o
 .text          0x0000725c        0x0 IR_TX.o
 .text          0x0000725c        0x0 DHTxx.o
 .text          0x0000725c        0x0 ADS7843.o
 .text          0x0000725c        0x0 MAX6675.o
 .text          0x0000725c        0x0 MAX31855.o
 .text          0x0000725c        0x0 HD44780.o
 .text          0x0000725c        0x0 ILI9163.o
 .text          0x0000725c        0x0 ILI9341.o
 .text          0x0000725c        0x0 ILI9481.o
 .text          0x0000725c        0x0 ILI9486.o
 .text          0x0000725c        0x0 ILI9488.o
 .text          0x0000725c        0x0 PCD8544.o
 .text          0x0000725c        0x0 PCF8814.o
 .text          0x0000725c        0x0 SH1106.o
 .text          0x0000725c      0x2e2 SSD1306.o
                0x00007358                LCD_CharPos
                0x000074dc                LCD_Clear
                0x0000737e                LCD_Symbol
                0x000072e0                LCD_Cmd
                0x00007464                LCD_Cursor
                0x000073e6                LCD_Char
                0x00007268                LCD_EndTransfer
                0x000074f8                LCD_Init
                0x0000730c                LCD_Contrast
                0x00007482                LCD_ClearLine
                0x00007324                LCD_DotPos
                0x000072b4                LCD_Data
                0x00007272                LCD_StartTransfer
                0x0000725c                LCD_BusSetup
 .text          0x0000753e        0x0 ST7036.o
 .text          0x0000753e        0x0 ST7565R.o
 .text          0x0000753e        0x0 ST7735.o
 .text          0x0000753e        0x0 Semi_ST7735.o
 .text          0x0000753e        0x0 ST7920.o
 .text          0x0000753e        0x0 STE2007.o
 .text          0x0000753e        0x0 VT100.o
 .text          0x0000753e        0x0 RD_Display.o
 .text          0x0000753e       0x4c wait.o
                0x00007554                wait50ms
                0x0000754c                wait300ms
                0x0000755e                wait5ms
                0x0000754a                wait400ms
                0x00007546                wait1000ms
                0x00007568                wait500us
                0x00007556                wait40ms
                0x00007578                wait20us
                0x0000756c                wait300us
                0x00007570                wait100us
                0x0000754e                wait200ms
                0x00007542                wait3s
                0x00007566                wait1ms
                0x00007576                wait30us
                0x0000756e                wait200us
                0x0000757e                wait4us
                0x0000755a                wait20ms
                0x00007550                wait100ms
                0x0000757c                wait5us
                0x00007580                wait3us
                0x00007562                wait3ms
                0x00007560                wait4ms
                0x00007582                wait2us
                0x00007544                wait2s
                0x00007558                wait30ms
                0x0000753e                wait5s
                0x00007564                wait2ms
                0x00007572                wait50us
                0x00007584                wait1us
                0x0000755c                wait10ms
                0x0000756a                wait400us
                0x00007574                wait40us
                0x00007546                wait1s
                0x00007540                wait4s
                0x0000757a                wait10us
                0x00007548                wait500ms
 .text          0x0000758a        0x0 c:/winavr-20100110/bin/../lib/gcc/avr/4.3.3/avr5\libgcc.a(_mulsi3.o)
 .text          0x0000758a        0x0 c:/winavr-20100110/bin/../lib/gcc/avr/4.3.3/avr5\libgcc.a(_divmodqi4.o)
 .text          0x0000758a        0x0 c:/winavr-20100110/bin/../lib/gcc/avr/4.3.3/avr5\libgcc.a(_udivmodhi4.o)
 .text          0x0000758a        0x0 c:/winavr-20100110/bin/../lib/gcc/avr/4.3.3/avr5\libgcc.a(_divmodhi4.o)
 .text          0x0000758a        0x0 c:/winavr-20100110/bin/../lib/gcc/avr/4.3.3/avr5\libgcc.a(_udivmodsi4.o)
 .text          0x0000758a        0x0 c:/winavr-20100110/bin/../lib/gcc/avr/4.3.3/avr5\libgcc.a(_divmodsi4.o)
 .text          0x0000758a        0x0 c:/winavr-20100110/bin/../lib/gcc/avr/4.3.3/avr5\libgcc.a(_prologue.o)
 .text          0x0000758a        0x0 c:/winavr-20100110/bin/../lib/gcc/avr/4.3.3/avr5\libgcc.a(_epilogue.o)
 .text          0x0000758a        0x0 c:/winavr-20100110/bin/../lib/gcc/avr/4.3.3/avr5\libgcc.a(_exit.o)
 .text          0x0000758a        0x0 c:/winavr-20100110/bin/../lib/gcc/avr/4.3.3/avr5\libgcc.a(_tablejump.o)
 .text          0x0000758a        0x0 c:/winavr-20100110/bin/../lib/gcc/avr/4.3.3/avr5\libgcc.a(_copy_data.o)
 .text          0x0000758a        0x0 c:/winavr-20100110/bin/../lib/gcc/avr/4.3.3/avr5\libgcc.a(_clear_bss.o)
 .text          0x0000758a        0x0 c:/winavr-20100110/bin/../lib/gcc/avr/4.3.3/avr5\libgcc.a(_udivmodqi4.o)
 .text          0x0000758a        0x0 c:/winavr-20100110/bin/../lib/gcc/avr/4.3.3/../../../../avr/lib/avr5\libc.a(ultoa.o)
 .text          0x0000758a        0x0 c:/winavr-20100110/bin/../lib/gcc/avr/4.3.3/../../../../avr/lib/avr5\libc.a(utoa.o)
 .text          0x0000758a        0x0 c:/winavr-20100110/bin/../lib/gcc/avr/4.3.3/../../../../avr/lib/avr5\libc.a(eerd_byte_atmega328.o)
 .text          0x0000758a        0x0 c:/winavr-20100110/bin/../lib/gcc/avr/4.3.3/../../../../avr/lib/avr5\libc.a(eerd_word_atmega328.o)
 .text          0x0000758a        0x0 c:/winavr-20100110/bin/../lib/gcc/avr/4.3.3/../../../../avr/lib/avr5\libc.a(eewr_byte_atmega328.o)
 .text          0x0000758a        0x0 c:/winavr-20100110/bin/../lib/gcc/avr/4.3.3/../../../../avr/lib/avr5\libc.a(strrev.o)
 .text          0x0000758a        0x0 c:/winavr-20100110/bin/../lib/gcc/avr/4.3.3/../../../../avr/lib/avr5\libc.a(eerd_block_atmega328.o)
                0x0000758a                . = ALIGN (0x2)
 *(.text.*)
 .text.libgcc   0x0000758a       0x3e c:/winavr-20100110/bin/../lib/gcc/avr/4.3.3/avr5\libgcc.a(_mulsi3.o)
                0x0000758a                __mulsi3
 .text.libgcc   0x000075c8       0x1a c:/winavr-20100110/bin/../lib/gcc/avr/4.3.3/avr5\libgcc.a(_divmodqi4.o)
                0x000075c8                __divmodqi4
 .text.libgcc   0x000075e2       0x28 c:/winavr-20100110/bin/../lib/gcc/avr/4.3.3/avr5\libgcc.a(_udivmodhi4.o)
                0x000075e2                __udivmodhi4
 .text.libgcc   0x0000760a       0x26 c:/winavr-20100110/bin/../lib/gcc/avr/4.3.3/avr5\libgcc.a(_divmodhi4.o)
                0x0000760a                __divmodhi4
                0x0000760a                _div
 .text.libgcc   0x00007630       0x44 c:/winavr-20100110/bin/../lib/gcc/avr/4.3.3/avr5\libgcc.a(_udivmodsi4.o)
                0x00007630                __udivmodsi4
 .text.libgcc   0x00007674       0x36 c:/winavr-20100110/bin/../lib/gcc/avr/4.3.3/avr5\libgcc.a(_divmodsi4.o)
                0x00007674                __divmodsi4
 .text.libgcc   0x000076aa       0x38 c:/winavr-20100110/bin/../lib/gcc/avr/4.3.3/avr5\libgcc.a(_prologue.o)
                0x000076aa                __prologue_saves__
 .text.libgcc   0x000076e2       0x36 c:/winavr-20100110/bin/../lib/gcc/avr/4.3.3/avr5\libgcc.a(_epilogue.o)
                0x000076e2                __epilogue_restores__
 .text.libgcc   0x00007718        0x0 c:/winavr-20100110/bin/../lib/gcc/avr/4.3.3/avr5\libgcc.a(_exit.o)
 .text.libgcc   0x00007718        0xc c:/winavr-20100110/bin/../lib/gcc/avr/4.3.3/avr5\libgcc.a(_tablejump.o)
                0x0000771c                __tablejump__
                0x00007718                __tablejump2__
 .text.libgcc   0x00007724        0x0 c:/winavr-20100110/bin/../lib/gcc/avr/4.3.3/avr5\libgcc.a(_copy_data.o)
 .text.libgcc   0x00007724        0x0 c:/winavr-20100110/bin/../lib/gcc/avr/4.3.3/avr5\libgcc.a(_clear_bss.o)
 .text.libgcc   0x00007724       0x18 c:/winavr-20100110/bin/../lib/gcc/avr/4.3.3/avr5\libgcc.a(_udivmodqi4.o)
                0x00007724                __udivmodqi4
 .text.avr-libc
                0x0000773c       0x4a c:/winavr-20100110/bin/../lib/gcc/avr/4.3.3/../../../../avr/lib/avr5\libc.a(ultoa.o)
                0x0000773c                ultoa
 .text.avr-libc
                0x00007786       0x2c c:/winavr-20100110/bin/../lib/gcc/avr/4.3.3/../../../../avr/lib/avr5\libc.a(utoa.o)
                0x00007786                utoa
 .text.avr-libc
                0x000077b2       0x10 c:/winavr-20100110/bin/../lib/gcc/avr/4.3.3/../../../../avr/lib/avr5\libc.a(eerd_byte_atmega328.o)
                0x000077b2                __eerd_byte_m328
 .text.avr-libc
                0x000077c2        0xc c:/winavr-20100110/bin/../lib/gcc/avr/4.3.3/../../../../avr/lib/avr5\libc.a(eerd_word_atmega328.o)
                0x000077c2                __eerd_word_m328
 .text.avr-libc
                0x000077ce       0x1c c:/winavr-20100110/bin/../lib/gcc/avr/4.3.3/../../../../avr/lib/avr5\libc.a(eewr_byte_atmega328.o)
                0x000077d0                __eewr_r18_m328
                0x000077ce                __eewr_byte_m328
 .text.avr-libc
                0x000077ea       0x20 c:/winavr-20100110/bin/../lib/gcc/avr/4.3.3/../../../../avr/lib/avr5\libc.a(strrev.o)
                0x000077ea                strrev
 .text.avr-libc
                0x0000780a       0x20 c:/winavr-20100110/bin/../lib/gcc/avr/4.3.3/../../../../avr/lib/avr5\libc.a(eerd_block_atmega328.o)
                0x0000780a                __eerd_block_m328
                0x0000780e                __eerd_blraw_m328
                0x0000782a                . = ALIGN (0x2)
 *(.fini9)
 .fini9         0x0000782a        0x0 c:/winavr-20100110/bin/../lib/gcc/avr/4.3.3/avr5\libgcc.a(_exit.o)
                0x0000782a                exit
                0x0000782a                _exit
 *(.fini9)
 *(.fini8)
 *(.fini8)
 *(.fini7)
 *(.fini7)
 *(.fini6)
 *(.fini6)
 *(.fini5)
 *(.fini5)
 *(.fini4)
 *(.fini4)
 *(.fini3)
 *(.fini3)
 *(.fini2)
 *(.fini2)
 *(.fini1)
 *(.fini1)
 *(.fini0)
 .fini0         0x0000782a        0x4 c:/winavr-20100110/bin/../lib/gcc/avr/4.3.3/avr5\libgcc.a(_exit.o)
 *(.fini0)
                0x0000782e                _etext = .

.data           0x00800100        0x0 load address 0x0000782e
                0x00800100                PROVIDE (__data_start, .)
 *(.data)
 .data          0x00800100        0x0 c:/winavr-20100110/bin/../lib/gcc/avr/4.3.3/../../../../avr/lib/avr5/crtm328.o
 .data          0x00800100        0x0 main.o
 .data          0x00800100        0x0 user.o
 .data          0x00800100        0x0 pause.o
 .data          0x00800100        0x0 adjust.o
 .data          0x00800100        0x0 ADC.o
 .data          0x00800100        0x0 probes.o
 .data          0x00800100        0x0 display.o
 .data          0x00800100        0x0 resistor.o
 .data          0x00800100        0x0 cap.o
 .data          0x00800100        0x0 semi.o
 .data          0x00800100        0x0 inductor.o
 .data          0x00800100        0x0 tools_misc.o
 .data          0x00800100        0x0 tools_signal.o
 .data          0x00800100        0x0 tools_counter.o
 .data          0x00800100        0x0 tools_LC_Meter.o
 .data          0x00800100        0x0 SPI.o
 .data          0x00800100        0x0 I2C.o
 .data          0x00800100        0x0 serial.o
 .data          0x00800100        0x0 commands.o
 .data          0x00800100        0x0 OneWire.o
 .data          0x00800100        0x0 IR_RX.o
 .data          0x00800100        0x0 IR_TX.o
 .data          0x00800100        0x0 DHTxx.o
 .data          0x00800100        0x0 ADS7843.o
 .data          0x00800100        0x0 MAX6675.o
 .data          0x00800100        0x0 MAX31855.o
 .data          0x00800100        0x0 HD44780.o
 .data          0x00800100        0x0 ILI9163.o
 .data          0x00800100        0x0 ILI9341.o
 .data          0x00800100        0x0 ILI9481.o
 .data          0x00800100        0x0 ILI9486.o
 .data          0x00800100        0x0 ILI9488.o
 .data          0x00800100        0x0 PCD8544.o
 .data          0x00800100        0x0 PCF8814.o
 .data          0x00800100        0x0 SH1106.o
 .data          0x00800100        0x0 SSD1306.o
 .data          0x00800100        0x0 ST7036.o
 .data          0x00800100        0x0 ST7565R.o
 .data          0x00800100        0x0 ST7735.o
 .data          0x00800100        0x0 Semi_ST7735.o
 .data          0x00800100        0x0 ST7920.o
 .data          0x00800100        0x0 STE2007.o
 .data          0x00800100        0x0 VT100.o
 .data          0x00800100        0x0 RD_Display.o
 .data          0x00800100        0x0 wait.o
 .data          0x00800100        0x0 c:/winavr-20100110/bin/../lib/gcc/avr/4.3.3/avr5\libgcc.a(_mulsi3.o)
 .data          0x00800100        0x0 c:/winavr-20100110/bin/../lib/gcc/avr/4.3.3/avr5\libgcc.a(_divmodqi4.o)
 .data          0x00800100        0x0 c:/winavr-20100110/bin/../lib/gcc/avr/4.3.3/avr5\libgcc.a(_udivmodhi4.o)
 .data          0x00800100        0x0 c:/winavr-20100110/bin/../lib/gcc/avr/4.3.3/avr5\libgcc.a(_divmodhi4.o)
 .data          0x00800100        0x0 c:/winavr-20100110/bin/../lib/gcc/avr/4.3.3/avr5\libgcc.a(_udivmodsi4.o)
 .data          0x00800100        0x0 c:/winavr-20100110/bin/../lib/gcc/avr/4.3.3/avr5\libgcc.a(_divmodsi4.o)
 .data          0x00800100        0x0 c:/winavr-20100110/bin/../lib/gcc/avr/4.3.3/avr5\libgcc.a(_prologue.o)
 .data          0x00800100        0x0 c:/winavr-20100110/bin/../lib/gcc/avr/4.3.3/avr5\libgcc.a(_epilogue.o)
 .data          0x00800100        0x0 c:/winavr-20100110/bin/../lib/gcc/avr/4.3.3/avr5\libgcc.a(_exit.o)
 .data          0x00800100        0x0 c:/winavr-20100110/bin/../lib/gcc/avr/4.3.3/avr5\libgcc.a(_tablejump.o)
 .data          0x00800100        0x0 c:/winavr-20100110/bin/../lib/gcc/avr/4.3.3/avr5\libgcc.a(_copy_data.o)
 .data          0x00800100        0x0 c:/winavr-20100110/bin/../lib/gcc/avr/4.3.3/avr5\libgcc.a(_clear_bss.o)
 .data          0x00800100        0x0 c:/winavr-20100110/bin/../lib/gcc/avr/4.3.3/avr5\libgcc.a(_udivmodqi4.o)
 .data          0x00800100        0x0 c:/winavr-20100110/bin/../lib/gcc/avr/4.3.3/../../../../avr/lib/avr5\libc.a(ultoa.o)
 .data          0x00800100        0x0 c:/winavr-20100110/bin/../lib/gcc/avr/4.3.3/../../../../avr/lib/avr5\libc.a(utoa.o)
 .data          0x00800100        0x0 c:/winavr-20100110/bin/../lib/gcc/avr/4.3.3/../../../../avr/lib/avr5\libc.a(eerd_byte_atmega328.o)
 .data          0x00800100        0x0 c:/winavr-20100110/bin/../lib/gcc/avr/4.3.3/../../../../avr/lib/avr5\libc.a(eerd_word_atmega328.o)
 .data          0x00800100        0x0 c:/winavr-20100110/bin/../lib/gcc/avr/4.3.3/../../../../avr/lib/avr5\libc.a(eewr_byte_atmega328.o)
 .data          0x00800100        0x0 c:/winavr-20100110/bin/../lib/gcc/avr/4.3.3/../../../../avr/lib/avr5\libc.a(strrev.o)
 .data          0x00800100        0x0 c:/winavr-20100110/bin/../lib/gcc/avr/4.3.3/../../../../avr/lib/avr5\libc.a(eerd_block_atmega328.o)
 *(.data*)
 *(.rodata)
 *(.rodata*)
 *(.gnu.linkonce.d*)
                0x00800100                . = ALIGN (0x2)
                0x00800100                _edata = .
                0x00800100                PROVIDE (__data_end, .)

.bss            0x00800100       0xf3
                0x00800100                PROVIDE (__bss_start, .)
 *(.bss)
 .bss           0x00800100        0x0 c:/winavr-20100110/bin/../lib/gcc/avr/4.3.3/../../../../avr/lib/avr5/crtm328.o
 .bss           0x00800100        0x1 main.o
                0x00800100                RX_Pos
 .bss           0x00800101        0x0 user.o
 .bss           0x00800101        0x0 pause.o
 .bss           0x00800101        0x0 adjust.o
 .bss           0x00800101        0x0 ADC.o
 .bss           0x00800101        0x0 probes.o
 .bss           0x00800101        0x0 display.o
 .bss           0x00800101        0x0 resistor.o
 .bss           0x00800101        0x0 cap.o
 .bss           0x00800101        0x0 semi.o
 .bss           0x00800101        0x0 inductor.o
 .bss           0x00800101        0x0 tools_misc.o
 .bss           0x00800101        0x0 tools_signal.o
 .bss           0x00800101        0x0 tools_counter.o
 .bss           0x00800101        0x0 tools_LC_Meter.o
 .bss           0x00800101        0x0 SPI.o
 .bss           0x00800101        0x0 I2C.o
 .bss           0x00800101        0x0 serial.o
 .bss           0x00800101        0x0 commands.o
 .bss           0x00800101        0x0 OneWire.o
 .bss           0x00800101        0x0 IR_RX.o
 .bss           0x00800101        0x0 IR_TX.o
 .bss           0x00800101        0x0 DHTxx.o
 .bss           0x00800101        0x0 ADS7843.o
 .bss           0x00800101        0x0 MAX6675.o
 .bss           0x00800101        0x0 MAX31855.o
 .bss           0x00800101        0x0 HD44780.o
 .bss           0x00800101        0x0 ILI9163.o
 .bss           0x00800101        0x0 ILI9341.o
 .bss           0x00800101        0x0 ILI9481.o
 .bss           0x00800101        0x0 ILI9486.o
 .bss           0x00800101        0x0 ILI9488.o
 .bss           0x00800101        0x0 PCD8544.o
 .bss           0x00800101        0x0 PCF8814.o
 .bss           0x00800101        0x0 SH1106.o
 .bss           0x00800101        0x0 SSD1306.o
 .bss           0x00800101        0x0 ST7036.o
 .bss           0x00800101        0x0 ST7565R.o
 .bss           0x00800101        0x0 ST7735.o
 .bss           0x00800101        0x0 Semi_ST7735.o
 .bss           0x00800101        0x0 ST7920.o
 .bss           0x00800101        0x0 STE2007.o
 .bss           0x00800101        0x0 VT100.o
 .bss           0x00800101        0x0 RD_Display.o
 .bss           0x00800101        0x0 wait.o
 .bss           0x00800101        0x0 c:/winavr-20100110/bin/../lib/gcc/avr/4.3.3/avr5\libgcc.a(_mulsi3.o)
 .bss           0x00800101        0x0 c:/winavr-20100110/bin/../lib/gcc/avr/4.3.3/avr5\libgcc.a(_divmodqi4.o)
 .bss           0x00800101        0x0 c:/winavr-20100110/bin/../lib/gcc/avr/4.3.3/avr5\libgcc.a(_udivmodhi4.o)
 .bss           0x00800101        0x0 c:/winavr-20100110/bin/../lib/gcc/avr/4.3.3/avr5\libgcc.a(_divmodhi4.o)
 .bss           0x00800101        0x0 c:/winavr-20100110/bin/../lib/gcc/avr/4.3.3/avr5\libgcc.a(_udivmodsi4.o)
 .bss           0x00800101        0x0 c:/winavr-20100110/bin/../lib/gcc/avr/4.3.3/avr5\libgcc.a(_divmodsi4.o)
 .bss           0x00800101        0x0 c:/winavr-20100110/bin/../lib/gcc/avr/4.3.3/avr5\libgcc.a(_prologue.o)
 .bss           0x00800101        0x0 c:/winavr-20100110/bin/../lib/gcc/avr/4.3.3/avr5\libgcc.a(_epilogue.o)
 .bss           0x00800101        0x0 c:/winavr-20100110/bin/../lib/gcc/avr/4.3.3/avr5\libgcc.a(_exit.o)
 .bss           0x00800101        0x0 c:/winavr-20100110/bin/../lib/gcc/avr/4.3.3/avr5\libgcc.a(_tablejump.o)
 .bss           0x00800101        0x0 c:/winavr-20100110/bin/../lib/gcc/avr/4.3.3/avr5\libgcc.a(_copy_data.o)
 .bss           0x00800101        0x0 c:/winavr-20100110/bin/../lib/gcc/avr/4.3.3/avr5\libgcc.a(_clear_bss.o)
 .bss           0x00800101        0x0 c:/winavr-20100110/bin/../lib/gcc/avr/4.3.3/avr5\libgcc.a(_udivmodqi4.o)
 .bss           0x00800101        0x0 c:/winavr-20100110/bin/../lib/gcc/avr/4.3.3/../../../../avr/lib/avr5\libc.a(ultoa.o)
 .bss           0x00800101        0x0 c:/winavr-20100110/bin/../lib/gcc/avr/4.3.3/../../../../avr/lib/avr5\libc.a(utoa.o)
 .bss           0x00800101        0x0 c:/winavr-20100110/bin/../lib/gcc/avr/4.3.3/../../../../avr/lib/avr5\libc.a(eerd_byte_atmega328.o)
 .bss           0x00800101        0x0 c:/winavr-20100110/bin/../lib/gcc/avr/4.3.3/../../../../avr/lib/avr5\libc.a(eerd_word_atmega328.o)
 .bss           0x00800101        0x0 c:/winavr-20100110/bin/../lib/gcc/avr/4.3.3/../../../../avr/lib/avr5\libc.a(eewr_byte_atmega328.o)
 .bss           0x00800101        0x0 c:/winavr-20100110/bin/../lib/gcc/avr/4.3.3/../../../../avr/lib/avr5\libc.a(strrev.o)
 .bss           0x00800101        0x0 c:/winavr-20100110/bin/../lib/gcc/avr/4.3.3/../../../../avr/lib/avr5\libc.a(eerd_block_atmega328.o)
 *(.bss*)
 *(COMMON)
 COMMON         0x00800101       0xec main.o
                0x00800101                Check
                0x0080010c                Resistors
                0x00800121                UI
                0x0080012f                RX_Buffer
                0x0080013a                I2C
                0x0080013c                AltSemi
                0x00800143                OutBuffer
                0x0080014f                Caps
                0x00800179                Info
                0x00800182                Diodes
                0x008001a6                Cfg
                0x008001af                MissedParts
                0x008001b0                Semi
                0x008001cb                Probes
                0x008001dd                NV
                0x008001e8                Inductor
 COMMON         0x008001ed        0x2 tools_counter.o
                0x008001ed                Pulses
 COMMON         0x008001ef        0x1 commands.o
                0x008001ef                FirstFlag
 COMMON         0x008001f0        0x3 SSD1306.o
                0x008001f0                MultiByte
                0x008001f1                Y_Start
                0x008001f2                X_Start
                0x008001f3                PROVIDE (__bss_end, .)
                0x0000782e                __data_load_start = LOADADDR (.data)
                0x0000782e                __data_load_end = (__data_load_start + SIZEOF (.data))

.noinit         0x008001f3        0x0
                0x008001f3                PROVIDE (__noinit_start, .)
 *(.noinit*)
                0x008001f3                PROVIDE (__noinit_end, .)
                0x008001f3                _end = .
                0x008001f3                PROVIDE (__heap_start, .)

.eeprom         0x00810000      0x3f4
 *(.eeprom*)
 .eeprom        0x00810000      0x3f4 main.o
                0x008101ee                Diode_CA_str
                0x008100c0                Thyristor_str
                0x008103d9                T1_Prescaler_table
                0x00810281                Cmd_C_GS_str
                0x0081028b                Cmd_V_GS_off_str
                0x00810178                Vth_str
                0x00810159                NPN_str
                0x008101fe                Cmd_NA_str
                0x0081022a                Cmd_COMP_str
                0x008100c4                Triac_str
                0x00810241                Cmd_HINT_str
                0x00810224                Cmd_PROBE_str
                0x0081021c                Cmd_VER_str
                0x00810180                V_T_str
                0x0081020c                Cmd_BJT_str
                0x0081011d                PowerOff_str
                0x008100da                PWM_str
                0x00810000                NV_Adjust_1
                0x008100ea                FreqCounter_str
                0x008101ea                Diode_AC_str
                0x00810142                Channel_str
                0x0081004e                Done_str
                0x008101f7                Cmd_ERR_str
                0x008101e6                Cap_str
                0x00810161                h_FE_str
                0x008101ab                CapOffset_str
                0x0081015d                PNP_str
                0x00810271                Cmd_V_BE_str
                0x00810088                Create_str
                0x00810081                Remove_str
                0x00810286                Cmd_R_DS_str
                0x0081029a                Cmd_C_GE_str
                0x0081010e                None_str
                0x008100f8                Contrast_str
                0x008101b5                CompOffset_str
                0x0081026c                Cmd_h_FE_str
                0x008100b3                Checksum_str
                0x0081013a                MOS_str
                0x008103f1                Channel_table
                0x0081017c                I_R_str
                0x0081018c                RhHigh_str
                0x00810165                V_BE_str
                0x008103e8                Rl_table
                0x00810032                Timeout_str
                0x00810016                Tester_str
                0x0081025a                Cmd_V_F_str
                0x0081000b                NV_Adjust_2
                0x00810169                V_GT_str
                0x00810233                Cmd_QTY_str
                0x0081024c                Cmd_PIN_str
                0x008100ca                PUT_str
                0x00810133                Version_str
                0x00810054                Select_str
                0x0081014b                Depletion_str
                0x008101a2                ProbeComb_str
                0x00810377                SmallCap_table
                0x00810207                Cmd_D_fb_str
                0x0081025e                Cmd_V_F2_str
                0x0081022f                Cmd_MSG_str
                0x008101b1                Vcc_str
                0x00810220                Cmd_OFF_str
                0x008100ae                Exit_str
                0x008101ca                R_DS_str
                0x0081019d                Rh_str
                0x008101fb                Cmd_OK_str
                0x008100de                SquareWave_str
                0x008100a7                Error_str
                0x008102ad                Cmd_Table
                0x00810113                CTR_str
                0x008101c6                I_leak_str
                0x00810101                OptoCoupler_str
                0x008100d3                Hertz_str
                0x0081027c                Cmd_V_TH_str
                0x008103ee                Pin_table
                0x00810121                Photodiode_str
                0x00810254                Cmd_L_str
                0x008101f2                Resistor_str
                0x00810276                Cmd_I_CEO_str
                0x008101bb                Profile1_str
                0x0081006b                Save_str
                0x00810190                RiLow_str
                0x00810198                Rl_str
                0x00810256                Cmd_ESR_str
                0x00810252                Cmd_C_str
                0x00810210                Cmd_D_Clamp_str
                0x0081005b                Selftest_str
                0x00810263                Cmd_C_D_str
                0x008101e0                t_off_str
                0x0081012c                NoBias_str
                0x00810060                Adjustment_str
                0x008100d6                External_str
                0x00810070                Load_str
                0x00810027                Probing_str
                0x008100ce                Bye_str
                0x00810183                URef_str
                0x00810047                Failed2_str
                0x00810313                Prefix_table
                0x008101ae                ROffset_str
                0x00810173                Vf_str
                0x00810250                Cmd_R_str
                0x00810246                Cmd_MHINT_str
                0x00810202                Cmd_R_be_str
                0x008102a3                Cmd_V_F_clamp_str
                0x008101be                Profile2_str
                0x00810294                Cmd_I_DSS_str
                0x008103eb                Rh_table
                0x0081031b                LargeCap_table
                0x0081008f                ShortCircuit_str
                0x00810150                IGBT_str
                0x00810075                Show_str
                0x008101ce                V_GSoff_str
                0x008100bc                BJT_str
                0x0081013e                FET_str
                0x00810188                RhLow_str
                0x00810389                PWM_Freq_table
                0x008103e3                T1_RegBits_table
                0x0081003a                Failed1_str
                0x0081029f                Cmd_V_T_str
                0x00810176                DiodeCap_str
                0x00810237                Cmd_NEXT_str
                0x0081023c                Cmd_TYPE_str
                0x0081016e                I_CEO_str
                0x00810117                Start_str
                0x00810146                Enhancement_str
                0x00810194                RiHigh_str
                0x00810218                Cmd_SYM_str
                0x0081012f                ReverseBias_str
                0x0081009e                DischargeFailed_str
                0x008101db                t_on_str
                0x008101c1                I_DSS_str
                0x00810267                Cmd_R_BE_str
                0x008101d8                If_str
                0x00810399                Inductor_table
                0x00810155                Cgs_str
                0x008103f4                __eeprom_end = .

.fuse
 *(.fuse)
 *(.lfuse)
 *(.hfuse)
 *(.efuse)

.lock
 *(.lock*)

.signature
 *(.signature*)

.stab
 *(.stab)

.stabstr
 *(.stabstr)

.stab.excl
 *(.stab.excl)

.stab.exclstr
 *(.stab.exclstr)

.stab.index
 *(.stab.index)

.stab.indexstr
 *(.stab.indexstr)

.comment
 *(.comment)

.debug
 *(.debug)

.line
 *(.line)

.debug_srcinfo
 *(.debug_srcinfo)

.debug_sfnames
 *(.debug_sfnames)

.debug_aranges  0x00000000      0x240
 *(.debug_aranges)
 .debug_aranges
                0x00000000       0x20 main.o
 .debug_aranges
                0x00000020       0x20 user.o
 .debug_aranges
                0x00000040       0x20 pause.o
 .debug_aranges
                0x00000060       0x20 adjust.o
 .debug_aranges
                0x00000080       0x20 ADC.o
 .debug_aranges
                0x000000a0       0x20 probes.o
 .debug_aranges
                0x000000c0       0x20 display.o
 .debug_aranges
                0x000000e0       0x20 resistor.o
 .debug_aranges
                0x00000100       0x20 cap.o
 .debug_aranges
                0x00000120       0x20 semi.o
 .debug_aranges
                0x00000140       0x20 inductor.o
 .debug_aranges
                0x00000160       0x20 tools_misc.o
 .debug_aranges
                0x00000180       0x20 tools_signal.o
 .debug_aranges
                0x000001a0       0x20 tools_counter.o
 .debug_aranges
                0x000001c0       0x20 I2C.o
 .debug_aranges
                0x000001e0       0x20 serial.o
 .debug_aranges
                0x00000200       0x20 commands.o
 .debug_aranges
                0x00000220       0x20 SSD1306.o

.debug_pubnames
                0x00000000     0x161b
 *(.debug_pubnames)
 .debug_pubnames
                0x00000000      0xa91 main.o
 .debug_pubnames
                0x00000a91       0xcd user.o
 .debug_pubnames
                0x00000b5e       0x30 pause.o
 .debug_pubnames
                0x00000b8e       0x8e adjust.o
 .debug_pubnames
                0x00000c1c       0x39 ADC.o
 .debug_pubnames
                0x00000c55       0xe1 probes.o
 .debug_pubnames
                0x00000d36      0x22e display.o
 .debug_pubnames
                0x00000f64       0x4e resistor.o
 .debug_pubnames
                0x00000fb2       0x6d cap.o
 .debug_pubnames
                0x0000101f       0xe5 semi.o
 .debug_pubnames
                0x00001104       0x3c inductor.o
 .debug_pubnames
                0x00001140       0x59 tools_misc.o
 .debug_pubnames
                0x00001199       0x3e tools_signal.o
 .debug_pubnames
                0x000011d7       0x52 tools_counter.o
 .debug_pubnames
                0x00001229       0x4d I2C.o
 .debug_pubnames
                0x00001276       0x7e serial.o
 .debug_pubnames
                0x000012f4      0x1dc commands.o
 .debug_pubnames
                0x000014d0      0x14b SSD1306.o

.debug_info     0x00000000     0x8a27
 *(.debug_info)
 .debug_info    0x00000000     0x1c23 main.o
 .debug_info    0x00001c23      0x8d4 user.o
 .debug_info    0x000024f7       0xf2 pause.o
 .debug_info    0x000025e9      0x711 adjust.o
 .debug_info    0x00002cfa      0x1e4 ADC.o
 .debug_info    0x00002ede      0x931 probes.o
 .debug_info    0x0000380f      0x9d7 display.o
 .debug_info    0x000041e6      0x60a resistor.o
 .debug_info    0x000047f0      0x8cf cap.o
 .debug_info    0x000050bf      0xb06 semi.o
 .debug_info    0x00005bc5      0x5a5 inductor.o
 .debug_info    0x0000616a      0x7a2 tools_misc.o
 .debug_info    0x0000690c      0x336 tools_signal.o
 .debug_info    0x00006c42      0x250 tools_counter.o
 .debug_info    0x00006e92       0x68 tools_LC_Meter.o
 .debug_info    0x00006efa        0x0 SPI.o
 .debug_info    0x00006efa      0x1b3 I2C.o
 .debug_info    0x000070ad      0x368 serial.o
 .debug_info    0x00007415      0xf70 commands.o
 .debug_info    0x00008385        0x0 OneWire.o
 .debug_info    0x00008385        0x0 IR_RX.o
 .debug_info    0x00008385        0x0 IR_TX.o
 .debug_info    0x00008385        0x0 DHTxx.o
 .debug_info    0x00008385        0x0 ADS7843.o
 .debug_info    0x00008385        0x0 MAX6675.o
 .debug_info    0x00008385        0x0 MAX31855.o
 .debug_info    0x00008385        0x0 HD44780.o
 .debug_info    0x00008385        0x0 ILI9163.o
 .debug_info    0x00008385        0x0 ILI9341.o
 .debug_info    0x00008385        0x0 ILI9481.o
 .debug_info    0x00008385        0x0 ILI9486.o
 .debug_info    0x00008385        0x0 ILI9488.o
 .debug_info    0x00008385        0x0 PCD8544.o
 .debug_info    0x00008385        0x0 PCF8814.o
 .debug_info    0x00008385        0x0 SH1106.o
 .debug_info    0x00008385      0x6a2 SSD1306.o
 .debug_info    0x00008a27        0x0 ST7036.o
 .debug_info    0x00008a27        0x0 ST7565R.o
 .debug_info    0x00008a27        0x0 ST7735.o
 .debug_info    0x00008a27        0x0 Semi_ST7735.o
 .debug_info    0x00008a27        0x0 ST7920.o
 .debug_info    0x00008a27        0x0 STE2007.o
 .debug_info    0x00008a27        0x0 VT100.o
 .debug_info    0x00008a27        0x0 RD_Display.o
 *(.gnu.linkonce.wi.*)

.debug_abbrev   0x00000000     0x1ac3
 *(.debug_abbrev)
 .debug_abbrev  0x00000000      0x223 main.o
 .debug_abbrev  0x00000223      0x1bf user.o
 .debug_abbrev  0x000003e2       0x8a pause.o
 .debug_abbrev  0x0000046c      0x171 adjust.o
 .debug_abbrev  0x000005dd       0xe3 ADC.o
 .debug_abbrev  0x000006c0      0x1fa probes.o
 .debug_abbrev  0x000008ba      0x163 display.o
 .debug_abbrev  0x00000a1d      0x180 resistor.o
 .debug_abbrev  0x00000b9d      0x23c cap.o
 .debug_abbrev  0x00000dd9      0x1e6 semi.o
 .debug_abbrev  0x00000fbf      0x118 inductor.o
 .debug_abbrev  0x000010d7      0x14b tools_misc.o
 .debug_abbrev  0x00001222      0x135 tools_signal.o
 .debug_abbrev  0x00001357      0x12d tools_counter.o
 .debug_abbrev  0x00001484       0x33 tools_LC_Meter.o
 .debug_abbrev  0x000014b7        0x1 SPI.o
 .debug_abbrev  0x000014b8       0xf3 I2C.o
 .debug_abbrev  0x000015ab      0x158 serial.o
 .debug_abbrev  0x00001703      0x21e commands.o
 .debug_abbrev  0x00001921        0x1 OneWire.o
 .debug_abbrev  0x00001922        0x1 IR_RX.o
 .debug_abbrev  0x00001923        0x1 IR_TX.o
 .debug_abbrev  0x00001924        0x1 DHTxx.o
 .debug_abbrev  0x00001925        0x1 ADS7843.o
 .debug_abbrev  0x00001926        0x1 MAX6675.o
 .debug_abbrev  0x00001927        0x1 MAX31855.o
 .debug_abbrev  0x00001928        0x1 HD44780.o
 .debug_abbrev  0x00001929        0x1 ILI9163.o
 .debug_abbrev  0x0000192a        0x1 ILI9341.o
 .debug_abbrev  0x0000192b        0x1 ILI9481.o
 .debug_abbrev  0x0000192c        0x1 ILI9486.o
 .debug_abbrev  0x0000192d        0x1 ILI9488.o
 .debug_abbrev  0x0000192e        0x1 PCD8544.o
 .debug_abbrev  0x0000192f        0x1 PCF8814.o
 .debug_abbrev  0x00001930        0x1 SH1106.o
 .debug_abbrev  0x00001931      0x18a SSD1306.o
 .debug_abbrev  0x00001abb        0x1 ST7036.o
 .debug_abbrev  0x00001abc        0x1 ST7565R.o
 .debug_abbrev  0x00001abd        0x1 ST7735.o
 .debug_abbrev  0x00001abe        0x1 Semi_ST7735.o
 .debug_abbrev  0x00001abf        0x1 ST7920.o
 .debug_abbrev  0x00001ac0        0x1 STE2007.o
 .debug_abbrev  0x00001ac1        0x1 VT100.o
 .debug_abbrev  0x00001ac2        0x1 RD_Display.o

.debug_line     0x00000000     0x7911
 *(.debug_line)
 .debug_line    0x00000000      0xfbf main.o
 .debug_line    0x00000fbf      0x8e0 user.o
 .debug_line    0x0000189f      0x151 pause.o
 .debug_line    0x000019f0      0x8dd adjust.o
 .debug_line    0x000022cd      0x1c1 ADC.o
 .debug_line    0x0000248e      0x765 probes.o
 .debug_line    0x00002bf3      0x6f7 display.o
 .debug_line    0x000032ea      0x53f resistor.o
 .debug_line    0x00003829      0x99b cap.o
 .debug_line    0x000041c4      0xe7b semi.o
 .debug_line    0x0000503f      0x410 inductor.o
 .debug_line    0x0000544f      0x5be tools_misc.o
 .debug_line    0x00005a0d      0x3f0 tools_signal.o
 .debug_line    0x00005dfd      0x2a2 tools_counter.o
 .debug_line    0x0000609f       0x3e tools_LC_Meter.o
 .debug_line    0x000060dd       0x24 SPI.o
 .debug_line    0x00006101      0x24e I2C.o
 .debug_line    0x0000634f      0x257 serial.o
 .debug_line    0x000065a6      0xb2b commands.o
 .debug_line    0x000070d1       0x24 OneWire.o
 .debug_line    0x000070f5       0x24 IR_RX.o
 .debug_line    0x00007119       0x24 IR_TX.o
 .debug_line    0x0000713d       0x24 DHTxx.o
 .debug_line    0x00007161       0x24 ADS7843.o
 .debug_line    0x00007185       0x24 MAX6675.o
 .debug_line    0x000071a9       0x24 MAX31855.o
 .debug_line    0x000071cd       0x24 HD44780.o
 .debug_line    0x000071f1       0x24 ILI9163.o
 .debug_line    0x00007215       0x24 ILI9341.o
 .debug_line    0x00007239       0x24 ILI9481.o
 .debug_line    0x0000725d       0x24 ILI9486.o
 .debug_line    0x00007281       0x24 ILI9488.o
 .debug_line    0x000072a5       0x24 PCD8544.o
 .debug_line    0x000072c9       0x24 PCF8814.o
 .debug_line    0x000072ed       0x24 SH1106.o
 .debug_line    0x00007311      0x4e0 SSD1306.o
 .debug_line    0x000077f1       0x24 ST7036.o
 .debug_line    0x00007815       0x24 ST7565R.o
 .debug_line    0x00007839       0x24 ST7735.o
 .debug_line    0x0000785d       0x24 Semi_ST7735.o
 .debug_line    0x00007881       0x24 ST7920.o
 .debug_line    0x000078a5       0x24 STE2007.o
 .debug_line    0x000078c9       0x24 VT100.o
 .debug_line    0x000078ed       0x24 RD_Display.o

.debug_frame    0x00000000      0xbb0
 *(.debug_frame)
 .debug_frame   0x00000000      0x170 main.o
 .debug_frame   0x00000170       0xd0 user.o
 .debug_frame   0x00000240       0x30 pause.o
 .debug_frame   0x00000270       0x70 adjust.o
 .debug_frame   0x000002e0       0x40 ADC.o
 .debug_frame   0x00000320       0xd0 probes.o
 .debug_frame   0x000003f0      0x190 display.o
 .debug_frame   0x00000580       0x40 resistor.o
 .debug_frame   0x000005c0       0x70 cap.o
 .debug_frame   0x00000630       0xc0 semi.o
 .debug_frame   0x000006f0       0x30 inductor.o
 .debug_frame   0x00000720       0x50 tools_misc.o
 .debug_frame   0x00000770       0x30 tools_signal.o
 .debug_frame   0x000007a0       0x40 tools_counter.o
 .debug_frame   0x000007e0       0x50 I2C.o
 .debug_frame   0x00000830       0x70 serial.o
 .debug_frame   0x000008a0      0x220 commands.o
 .debug_frame   0x00000ac0       0xf0 SSD1306.o

.debug_str      0x00000000     0x16f1
 *(.debug_str)
 .debug_str     0x00000000      0xb20 main.o
                                0xc33 (size before relaxing)
 .debug_str     0x00000b20      0x121 user.o
                                0x452 (size before relaxing)
 .debug_str     0x00000c41       0x25 pause.o
                                0x11c (size before relaxing)
 .debug_str     0x00000c66       0xdd adjust.o
                                0x3f3 (size before relaxing)
 .debug_str     0x00000d43       0x28 ADC.o
                                0x15c (size before relaxing)
 .debug_str     0x00000d6b      0x105 probes.o
                                0x3d8 (size before relaxing)
 .debug_str     0x00000e70      0x20a display.o
                                0x519 (size before relaxing)
 .debug_str     0x0000107a       0x85 resistor.o
                                0x2f7 (size before relaxing)
 .debug_str     0x000010ff       0x95 cap.o
                                0x36d (size before relaxing)
 .debug_str     0x00001194      0x14b semi.o
                                0x46c (size before relaxing)
 .debug_str     0x000012df       0x4b inductor.o
                                0x2e6 (size before relaxing)
 .debug_str     0x0000132a       0x56 tools_misc.o
                                0x3d8 (size before relaxing)
 .debug_str     0x00001380       0x4a tools_signal.o
                                0x244 (size before relaxing)
 .debug_str     0x000013ca       0x4a tools_counter.o
                                0x1c8 (size before relaxing)
 .debug_str     0x00001414       0x11 tools_LC_Meter.o
                                 0xdc (size before relaxing)
 .debug_str     0x00001425       0x31 I2C.o
                                0x129 (size before relaxing)
 .debug_str     0x00001456       0x5d serial.o
                                0x195 (size before relaxing)
 .debug_str     0x000014b3      0x150 commands.o
                                0x526 (size before relaxing)
 .debug_str     0x00001603       0xee SSD1306.o
                                0x310 (size before relaxing)

.debug_loc      0x00000000     0x62a2
 *(.debug_loc)
 .debug_loc     0x00000000      0x86a main.o
 .debug_loc     0x0000086a      0x6b6 user.o
 .debug_loc     0x00000f20       0xa8 pause.o
 .debug_loc     0x00000fc8      0x592 adjust.o
 .debug_loc     0x0000155a      0x11e ADC.o
 .debug_loc     0x00001678      0x5c7 probes.o
 .debug_loc     0x00001c3f      0x5df display.o
 .debug_loc     0x0000221e      0x831 resistor.o
 .debug_loc     0x00002a4f      0xb3a cap.o
 .debug_loc     0x00003589      0xe40 semi.o
 .debug_loc     0x000043c9      0x55b inductor.o
 .debug_loc     0x00004924      0x4c9 tools_misc.o
 .debug_loc     0x00004ded      0x43d tools_signal.o
 .debug_loc     0x0000522a      0x181 tools_counter.o
 .debug_loc     0x000053ab       0xf0 I2C.o
 .debug_loc     0x0000549b      0x112 serial.o
 .debug_loc     0x000055ad      0xaa4 commands.o
 .debug_loc     0x00006051      0x251 SSD1306.o

.debug_macinfo
 *(.debug_macinfo)
OUTPUT(ComponentTester elf32-avr)
LOAD linker stubs
